\BOOKMARK [1][-]{section.1}{\376\377\000A\000b\000o\000u\000t}{}% 1
\BOOKMARK [2][-]{subsection.1.1}{\376\377\000O\000r\000g\000a\000n\000i\000z\000a\000t\000i\000o\000n}{section.1}% 2
\BOOKMARK [1][-]{section.2}{\376\377\000D\000i\000f\000f\000e\000r\000e\000n\000t\000i\000a\000l\000\040\000G\000e\000o\000m\000e\000t\000r\000y\000\040\000a\000n\000d\000\040\000T\000o\000p\000o\000l\000o\000g\000y}{}% 3
\BOOKMARK [2][-]{subsection.2.1}{\376\377\000F\000r\000o\000b\000e\000n\000i\000u\000s\000\040\000T\000h\000e\000o\000r\000e\000m}{section.2}% 4
\BOOKMARK [3][-]{section*.2}{\376\377\000P\000r\000o\000b\000l\000e\000m\000\040\0002\0000\0002\0005\000-\000A\000-\000I\000I\000-\0002}{subsection.2.1}% 5
\BOOKMARK [3][-]{section*.3}{\376\377\000P\000r\000o\000b\000l\000e\000m\000\040\0002\0000\0002\0004\000-\000A\000-\000I\000I\000-\0002}{subsection.2.1}% 6
\BOOKMARK [3][-]{section*.4}{\376\377\000P\000r\000o\000b\000l\000e\000m\000\040\0002\0000\0002\0004\000-\000J\000-\000I\000I\000-\0006}{subsection.2.1}% 7
\BOOKMARK [3][-]{section*.5}{\376\377\000P\000r\000o\000b\000l\000e\000m\000\040\0002\0000\0002\0003\000-\000A\000-\000I\000I\000-\0005}{subsection.2.1}% 8
\BOOKMARK [3][-]{section*.6}{\376\377\000P\000r\000o\000b\000l\000e\000m\000\040\0002\0000\0001\0009\000-\000J\000-\000I\000I\000-\0006}{subsection.2.1}% 9
\BOOKMARK [3][-]{section*.7}{\376\377\000P\000r\000o\000b\000l\000e\000m\000\040\0002\0000\0001\0005\000-\000J\000-\000I\000I\000-\0003}{subsection.2.1}% 10
\BOOKMARK [3][-]{section*.8}{\376\377\000P\000r\000o\000b\000l\000e\000m\000\040\0002\0000\0001\0003\000-\000A\000-\000I\000I\000-\0004}{subsection.2.1}% 11
\BOOKMARK [3][-]{section*.9}{\376\377\000P\000r\000o\000b\000l\000e\000m\000\040\0002\0000\0001\0002\000-\000J\000-\000I\000-\0004}{subsection.2.1}% 12
\BOOKMARK [3][-]{section*.10}{\376\377\000P\000r\000o\000b\000l\000e\000m\000\040\0002\0000\0001\0001\000-\000A\000-\000I\000I\000-\0005}{subsection.2.1}% 13
\BOOKMARK [3][-]{section*.11}{\376\377\000P\000r\000o\000b\000l\000e\000m\000\040\0002\0000\0001\0001\000-\000J\000-\000I\000-\0006}{subsection.2.1}% 14
\BOOKMARK [3][-]{section*.12}{\376\377\000P\000r\000o\000b\000l\000e\000m\000\040\0002\0000\0001\0000\000-\000J\000-\000I\000-\0002}{subsection.2.1}% 15
\BOOKMARK [3][-]{section*.13}{\376\377\000P\000r\000o\000b\000l\000e\000m\000\040\0001\0009\0009\0007\000-\000J\000-\000I\000-\0004}{subsection.2.1}% 16
\BOOKMARK [3][-]{section*.14}{\376\377\000P\000r\000o\000b\000l\000e\000m\000\040\000L\000B\000-\0002\0000\0002\0000\000-\000F\000-\0006}{subsection.2.1}% 17
\BOOKMARK [3][-]{section*.15}{\376\377\000P\000r\000o\000b\000l\000e\000m\000\040\000A\000Z\000-\0002\0000\0001\0001\000-\000F\000-\0002}{subsection.2.1}% 18
\BOOKMARK [2][-]{subsection.2.2}{\376\377\000S\000t\000o\000k\000e\000s\000'\000\040\000T\000h\000e\000o\000r\000e\000m}{section.2}% 19
\BOOKMARK [3][-]{section*.16}{\376\377\000P\000r\000o\000b\000l\000e\000m\000\040\0002\0000\0002\0005\000-\000J\000-\000I\000-\0003}{subsection.2.2}% 20
\BOOKMARK [3][-]{section*.17}{\376\377\000P\000r\000o\000b\000l\000e\000m\000\040\0002\0000\0002\0003\000-\000J\000-\000I\000I\000-\0003}{subsection.2.2}% 21
\BOOKMARK [3][-]{section*.18}{\376\377\000P\000r\000o\000b\000l\000e\000m\000\040\0002\0000\0001\0006\000-\000J\000-\000I\000-\0005}{subsection.2.2}% 22
\BOOKMARK [3][-]{section*.19}{\376\377\000P\000r\000o\000b\000l\000e\000m\000\040\0002\0000\0000\0009\000-\000J\000-\000I\000I\000-\0003}{subsection.2.2}% 23
\BOOKMARK [3][-]{section*.20}{\376\377\000P\000r\000o\000b\000l\000e\000m\000\040\0002\0000\0000\0004\000-\000J\000-\000I\000I\000-\0001}{subsection.2.2}% 24
\BOOKMARK [3][-]{section*.21}{\376\377\000P\000r\000o\000b\000l\000e\000m\000\040\0002\0000\0000\0002\000-\000J\000-\000I\000-\0006}{subsection.2.2}% 25
\BOOKMARK [3][-]{section*.22}{\376\377\000P\000r\000o\000b\000l\000e\000m\000\040\0001\0009\0009\0009\000-\000A\000-\000I\000-\0004}{subsection.2.2}% 26
\BOOKMARK [3][-]{section*.23}{\376\377\000P\000r\000o\000b\000l\000e\000m\000\040\0001\0009\0009\0008\000-\000A\000-\000I\000-\0005}{subsection.2.2}% 27
\BOOKMARK [3][-]{section*.24}{\376\377\000P\000r\000o\000b\000l\000e\000m\000\040\0001\0009\0009\0008\000-\000J\000-\000I\000-\0005}{subsection.2.2}% 28
\BOOKMARK [3][-]{section*.25}{\376\377\000P\000r\000o\000b\000l\000e\000m\000\040\000A\000Z\000-\0002\0000\0001\0001\000-\000F\000-\0004}{subsection.2.2}% 29
\BOOKMARK [2][-]{subsection.2.3}{\376\377\000S\000u\000b\000m\000e\000r\000s\000i\000o\000n\000s\000\040\000a\000n\000d\000\040\000I\000m\000m\000e\000r\000s\000i\000o\000n\000s}{section.2}% 30
\BOOKMARK [3][-]{section*.26}{\376\377\000P\000r\000o\000b\000l\000e\000m\000\040\000C\000o\000m\000p\000s\000\040\000L\000e\000m\000m\000a\000\040\000\050\000S\000u\000b\000m\000e\000r\000s\000i\000o\000n\000\051}{subsection.2.3}% 31
\BOOKMARK [3][-]{section*.27}{\376\377\000P\000r\000o\000b\000l\000e\000m\000\040\000C\000o\000m\000p\000s\000\040\000L\000e\000m\000m\000a\000\040\000\050\000L\000o\000c\000a\000l\000\040\000H\000o\000m\000e\000o\000m\000o\000r\000p\000h\000i\000s\000m\000\051}{subsection.2.3}% 32
\BOOKMARK [3][-]{section*.28}{\376\377\000P\000r\000o\000b\000l\000e\000m\000\040\0002\0000\0002\0005\000-\000J\000-\000I\000I\000-\0004}{subsection.2.3}% 33
\BOOKMARK [3][-]{section*.29}{\376\377\000P\000r\000o\000b\000l\000e\000m\000\040\0002\0000\0002\0004\000-\000A\000-\000I\000-\0002}{subsection.2.3}% 34
\BOOKMARK [3][-]{section*.30}{\376\377\000P\000r\000o\000b\000l\000e\000m\000\040\0002\0000\0002\0004\000-\000A\000-\000I\000-\0005}{subsection.2.3}% 35
\BOOKMARK [3][-]{section*.31}{\376\377\000P\000r\000o\000b\000l\000e\000m\000\040\0002\0000\0002\0004\000-\000A\000-\000I\000I\000-\0001}{subsection.2.3}% 36
\BOOKMARK [3][-]{section*.32}{\376\377\000P\000r\000o\000b\000l\000e\000m\000\040\0002\0000\0002\0003\000-\000A\000-\000I\000-\0002}{subsection.2.3}% 37
\BOOKMARK [3][-]{section*.33}{\376\377\000P\000r\000o\000b\000l\000e\000m\000\040\0002\0000\0002\0003\000-\000A\000-\000I\000-\0005}{subsection.2.3}% 38
\BOOKMARK [3][-]{section*.34}{\376\377\000P\000r\000o\000b\000l\000e\000m\000\040\0002\0000\0001\0009\000-\000A\000-\000I\000-\0004}{subsection.2.3}% 39
\BOOKMARK [3][-]{section*.35}{\376\377\000P\000r\000o\000b\000l\000e\000m\000\040\0002\0000\0001\0007\000-\000A\000-\000I\000-\0001}{subsection.2.3}% 40
\BOOKMARK [3][-]{section*.36}{\376\377\000P\000r\000o\000b\000l\000e\000m\000\040\0002\0000\0001\0007\000-\000A\000-\000I\000-\0005}{subsection.2.3}% 41
\BOOKMARK [3][-]{section*.37}{\376\377\000P\000r\000o\000b\000l\000e\000m\000\040\0002\0000\0001\0007\000-\000J\000-\000I\000-\0001}{subsection.2.3}% 42
\BOOKMARK [3][-]{section*.38}{\376\377\000P\000r\000o\000b\000l\000e\000m\000\040\0002\0000\0001\0005\000-\000A\000-\000I\000I\000-\0003}{subsection.2.3}% 43
\BOOKMARK [3][-]{section*.39}{\376\377\000P\000r\000o\000b\000l\000e\000m\000\040\0002\0000\0001\0005\000-\000J\000-\000I\000-\0004}{subsection.2.3}% 44
\BOOKMARK [3][-]{section*.40}{\376\377\000P\000r\000o\000b\000l\000e\000m\000\040\0002\0000\0001\0001\000-\000J\000-\000I\000-\0003}{subsection.2.3}% 45
\BOOKMARK [3][-]{section*.41}{\376\377\000P\000r\000o\000b\000l\000e\000m\000\040\0002\0000\0001\0000\000-\000J\000-\000I\000-\0003}{subsection.2.3}% 46
\BOOKMARK [3][-]{section*.42}{\376\377\000P\000r\000o\000b\000l\000e\000m\000\040\0002\0000\0000\0002\000-\000A\000-\000I\000-\0001}{subsection.2.3}% 47
\BOOKMARK [3][-]{section*.43}{\376\377\000P\000r\000o\000b\000l\000e\000m\000\040\0002\0000\0000\0002\000-\000J\000-\000I\000I\000-\0001}{subsection.2.3}% 48
\BOOKMARK [2][-]{subsection.2.4}{\376\377\000d\000e\000\040\000R\000h\000a\000m\000\040\000C\000o\000h\000o\000m\000o\000l\000o\000g\000y}{section.2}% 49
\BOOKMARK [3][-]{section*.44}{\376\377\000P\000r\000o\000b\000l\000e\000m\000\040\0002\0000\0002\0006\000-\000J\000-\000I\000I\000-\0006}{subsection.2.4}% 50
\BOOKMARK [3][-]{section*.45}{\376\377\000P\000r\000o\000b\000l\000e\000m\000\040\0002\0000\0002\0006\000-\000J\000-\000I\000I\000-\0006\000\040\000\050\000M\000o\000d\000i\000f\000i\000e\000d\000\051}{subsection.2.4}% 51
\BOOKMARK [3][-]{section*.46}{\376\377\000P\000r\000o\000b\000l\000e\000m\000\040\0002\0000\0002\0004\000-\000A\000-\000I\000-\0001}{subsection.2.4}% 52
\BOOKMARK [3][-]{section*.47}{\376\377\000P\000r\000o\000b\000l\000e\000m\000\040\0002\0000\0002\0004\000-\000J\000-\000I\000-\0005}{subsection.2.4}% 53
\BOOKMARK [3][-]{section*.48}{\376\377\000P\000r\000o\000b\000l\000e\000m\000\040\0002\0000\0002\0003\000-\000A\000-\000I\000I\000-\0002}{subsection.2.4}% 54
\BOOKMARK [3][-]{section*.49}{\376\377\000P\000r\000o\000b\000l\000e\000m\000\040\0002\0000\0002\0002\000-\000A\000-\000I\000I\000-\0002}{subsection.2.4}% 55
\BOOKMARK [3][-]{section*.50}{\376\377\000P\000r\000o\000b\000l\000e\000m\000\040\0002\0000\0002\0001\000-\000A\000-\000I\000I\000-\0001}{subsection.2.4}% 56
\BOOKMARK [3][-]{section*.51}{\376\377\000P\000r\000o\000b\000l\000e\000m\000\040\0002\0000\0002\0000\000-\000J\000-\000I\000I\000-\0002}{subsection.2.4}% 57
\BOOKMARK [3][-]{section*.52}{\376\377\000P\000r\000o\000b\000l\000e\000m\000\040\0002\0000\0002\0001\000-\000J\000-\000I\000I\000-\0003}{subsection.2.4}% 58
\BOOKMARK [3][-]{section*.53}{\376\377\000P\000r\000o\000b\000l\000e\000m\000\040\0002\0000\0001\0009\000-\000A\000-\000I\000I\000-\0004}{subsection.2.4}% 59
\BOOKMARK [3][-]{section*.54}{\376\377\000P\000r\000o\000b\000l\000e\000m\000\040\0002\0000\0001\0009\000-\000J\000-\000I\000-\0003}{subsection.2.4}% 60
\BOOKMARK [3][-]{section*.55}{\376\377\000P\000r\000o\000b\000l\000e\000m\000\040\0002\0000\0001\0006\000-\000J\000-\000I\000I\000-\0004}{subsection.2.4}% 61
\BOOKMARK [3][-]{section*.56}{\376\377\000P\000r\000o\000b\000l\000e\000m\000\040\0002\0000\0001\0005\000-\000J\000-\000I\000-\0005}{subsection.2.4}% 62
\BOOKMARK [3][-]{section*.57}{\376\377\000P\000r\000o\000b\000l\000e\000m\000\040\0002\0000\0001\0003\000-\000A\000-\000I\000I\000-\0006}{subsection.2.4}% 63
\BOOKMARK [3][-]{section*.58}{\376\377\000P\000r\000o\000b\000l\000e\000m\000\040\0002\0000\0001\0003\000-\000J\000-\000I\000I\000-\0006}{subsection.2.4}% 64
\BOOKMARK [3][-]{section*.59}{\376\377\000P\000r\000o\000b\000l\000e\000m\000\040\0002\0000\0001\0002\000-\000J\000-\000I\000I\000-\0005}{subsection.2.4}% 65
\BOOKMARK [3][-]{section*.60}{\376\377\000P\000r\000o\000b\000l\000e\000m\000\040\0002\0000\0001\0001\000-\000A\000-\000I\000I\000-\0006}{subsection.2.4}% 66
\BOOKMARK [3][-]{section*.61}{\376\377\000P\000r\000o\000b\000l\000e\000m\000\040\0002\0000\0000\0007\000-\000A\000-\000I\000I\000-\0003}{subsection.2.4}% 67
\BOOKMARK [3][-]{section*.62}{\376\377\000P\000r\000o\000b\000l\000e\000m\000\040\0002\0000\0000\0006\000-\000A\000-\000I\000-\0002}{subsection.2.4}% 68
\BOOKMARK [3][-]{section*.63}{\376\377\000P\000r\000o\000b\000l\000e\000m\000\040\0002\0000\0000\0002\000-\000J\000-\000I\000I\000-\0005}{subsection.2.4}% 69
\BOOKMARK [3][-]{section*.64}{\376\377\000P\000r\000o\000b\000l\000e\000m\000\040\0002\0000\0000\0001\000-\000A\000-\000I\000I\000-\0003}{subsection.2.4}% 70
\BOOKMARK [3][-]{section*.65}{\376\377\000P\000r\000o\000b\000l\000e\000m\000\040\0001\0009\0009\0007\000-\000A\000-\000I\000-\0005}{subsection.2.4}% 71
\BOOKMARK [3][-]{section*.66}{\376\377\000P\000r\000o\000b\000l\000e\000m\000\040\0001\0009\0009\0007\000-\000A\000-\000I\000I\000-\0002}{subsection.2.4}% 72
\BOOKMARK [3][-]{section*.67}{\376\377\000P\000r\000o\000b\000l\000e\000m\000\040\000L\000B\000-\0002\0000\0002\0000\000-\000F\000-\0005}{subsection.2.4}% 73
\BOOKMARK [3][-]{section*.68}{\376\377\000P\000r\000o\000b\000l\000e\000m\000\040\000L\000B\000-\0002\0000\0002\0000\000-\000F\000-\0008}{subsection.2.4}% 74
\BOOKMARK [3][-]{section*.69}{\376\377\000P\000r\000o\000b\000l\000e\000m\000\040\000L\000B\000-\0002\0000\0002\0000\000-\000F\000-\0009}{subsection.2.4}% 75
\BOOKMARK [3][-]{section*.70}{\376\377\000P\000r\000o\000b\000l\000e\000m\000\040\000L\000B\000-\0002\0000\0002\0000\000-\000F\000-\0001\0000}{subsection.2.4}% 76
\BOOKMARK [2][-]{subsection.2.5}{\376\377\000F\000u\000n\000d\000a\000m\000e\000n\000t\000a\000l\000\040\000G\000r\000o\000u\000p\000s}{section.2}% 77
\BOOKMARK [3][-]{section*.71}{\376\377\000P\000r\000o\000b\000l\000e\000m\000\040\0002\0000\0002\0005\000-\000A\000-\000I\000I\000-\0001}{subsection.2.5}% 78
\BOOKMARK [3][-]{section*.72}{\376\377\000P\000r\000o\000b\000l\000e\000m\000\040\0002\0000\0002\0003\000-\000A\000-\000I\000-\0005}{subsection.2.5}% 79
\BOOKMARK [3][-]{section*.73}{\376\377\000P\000r\000o\000b\000l\000e\000m\000\040\0002\0000\0002\0003\000-\000J\000-\000I\000I\000-\0004}{subsection.2.5}% 80
\BOOKMARK [3][-]{section*.74}{\376\377\000P\000r\000o\000b\000l\000e\000m\000\040\0002\0000\0002\0002\000-\000A\000-\000I\000-\0001}{subsection.2.5}% 81
\BOOKMARK [3][-]{section*.76}{\376\377\000P\000r\000o\000b\000l\000e\000m\000\040\0002\0000\0002\0002\000-\000A\000-\000I\000-\0004}{subsection.2.5}% 82
\BOOKMARK [3][-]{section*.77}{\376\377\000P\000r\000o\000b\000l\000e\000m\000\040\0002\0000\0002\0002\000-\000J\000-\000I\000I\000-\0001}{subsection.2.5}% 83
\BOOKMARK [3][-]{section*.78}{\376\377\000P\000r\000o\000b\000l\000e\000m\000\040\0002\0000\0002\0002\000-\000J\000-\000I\000I\000-\0005}{subsection.2.5}% 84
\BOOKMARK [3][-]{section*.79}{\376\377\000P\000r\000o\000b\000l\000e\000m\000\040\0002\0000\0002\0002\000-\000J\000-\000I\000I\000-\0005\000\040\000\050\000M\000o\000d\000i\000f\000i\000e\000d\000\051}{subsection.2.5}% 85
\BOOKMARK [3][-]{section*.81}{\376\377\000P\000r\000o\000b\000l\000e\000m\000\040\0002\0000\0002\0001\000-\000A\000-\000I\000I\000-\0003}{subsection.2.5}% 86
\BOOKMARK [3][-]{section*.82}{\376\377\000P\000r\000o\000b\000l\000e\000m\000\040\0002\0000\0002\0001\000-\000A\000-\000I\000I\000-\0003\000\040\000\050\000M\000o\000d\000i\000f\000i\000e\000d\000\051}{subsection.2.5}% 87
\BOOKMARK [3][-]{section*.83}{\376\377\000P\000r\000o\000b\000l\000e\000m\000\040\0002\0000\0002\0001\000-\000A\000-\000I\000I\000-\0003\000\040\000\050\000M\000o\000d\000i\000f\000i\000e\000d\000\051}{subsection.2.5}% 88
\BOOKMARK [3][-]{section*.84}{\376\377\000P\000r\000o\000b\000l\000e\000m\000\040\0002\0000\0002\0001\000-\000J\000-\000I\000-\0002}{subsection.2.5}% 89
\BOOKMARK [3][-]{section*.86}{\376\377\000P\000r\000o\000b\000l\000e\000m\000\040\0002\0000\0002\0000\000-\000A\000-\000I\000I\000-\0002}{subsection.2.5}% 90
\BOOKMARK [3][-]{section*.88}{\376\377\000P\000r\000o\000b\000l\000e\000m\000\040\0002\0000\0001\0008\000-\000A\000-\000I\000I\000-\0001}{subsection.2.5}% 91
\BOOKMARK [3][-]{section*.89}{\376\377\000P\000r\000o\000b\000l\000e\000m\000\040\0002\0000\0001\0002\000-\000A\000-\000I\000I\000-\0003}{subsection.2.5}% 92
\BOOKMARK [3][-]{section*.90}{\376\377\000P\000r\000o\000b\000l\000e\000m\000\040\0002\0000\0001\0001\000-\000A\000-\000I\000-\0005}{subsection.2.5}% 93
\BOOKMARK [3][-]{section*.91}{\376\377\000P\000r\000o\000b\000l\000e\000m\000\040\0002\0000\0001\0000\000-\000A\000-\000I\000-\0003}{subsection.2.5}% 94
\BOOKMARK [3][-]{section*.92}{\376\377\000P\000r\000o\000b\000l\000e\000m\000\040\0002\0000\0000\0009\000-\000A\000-\000I\000-\0004}{subsection.2.5}% 95
\BOOKMARK [3][-]{section*.93}{\376\377\000P\000r\000o\000b\000l\000e\000m\000\040\0002\0000\0000\0006\000-\000A\000-\000I\000I\000-\0006}{subsection.2.5}% 96
\BOOKMARK [3][-]{section*.94}{\376\377\000P\000r\000o\000b\000l\000e\000m\000\040\0002\0000\0000\0004\000-\000A\000-\000I\000I\000-\0006}{subsection.2.5}% 97
\BOOKMARK [3][-]{section*.95}{\376\377\000P\000r\000o\000b\000l\000e\000m\000\040\0002\0000\0000\0004\000-\000J\000-\000I\000-\0005}{subsection.2.5}% 98
\BOOKMARK [3][-]{section*.96}{\376\377\000P\000r\000o\000b\000l\000e\000m\000\040\0002\0000\0000\0003\000-\000A\000-\000I\000-\0004}{subsection.2.5}% 99
\BOOKMARK [3][-]{section*.97}{\376\377\000P\000r\000o\000b\000l\000e\000m\000\040\0002\0000\0000\0003\000-\000J\000-\000I\000I\000-\0005}{subsection.2.5}% 100
\BOOKMARK [3][-]{section*.98}{\376\377\000P\000r\000o\000b\000l\000e\000m\000\040\0002\0000\0000\0002\000-\000A\000-\000I\000I\000-\0001}{subsection.2.5}% 101
\BOOKMARK [3][-]{section*.100}{\376\377\000P\000r\000o\000b\000l\000e\000m\000\040\0002\0000\0000\0001\000-\000A\000-\000I\000-\0006}{subsection.2.5}% 102
\BOOKMARK [3][-]{section*.101}{\376\377\000P\000r\000o\000b\000l\000e\000m\000\040\0002\0000\0000\0000\000-\000A\000-\000I\000I\000-\0002}{subsection.2.5}% 103
\BOOKMARK [3][-]{section*.102}{\376\377\000P\000r\000o\000b\000l\000e\000m\000\040\0001\0009\0009\0009\000-\000A\000-\000I\000I\000-\0003}{subsection.2.5}% 104
\BOOKMARK [3][-]{section*.103}{\376\377\000P\000r\000o\000b\000l\000e\000m\000\040\0001\0009\0009\0009\000-\000J\000-\000I\000I\000-\0001}{subsection.2.5}% 105
\BOOKMARK [3][-]{section*.105}{\376\377\000P\000r\000o\000b\000l\000e\000m\000\040\0001\0009\0009\0008\000-\000A\000-\000I\000-\0004}{subsection.2.5}% 106
\BOOKMARK [3][-]{section*.107}{\376\377\000P\000r\000o\000b\000l\000e\000m\000\040\0001\0009\0009\0007\000-\000J\000-\000I\000-\0002}{subsection.2.5}% 107
\BOOKMARK [3][-]{section*.109}{\376\377\000P\000r\000o\000b\000l\000e\000m\000\040\000R\000-\000D\000G\000T\000-\0001}{subsection.2.5}% 108
\BOOKMARK [3][-]{section*.110}{\376\377\000P\000r\000o\000b\000l\000e\000m\000\040\000R\000-\000D\000G\000T\000-\0002}{subsection.2.5}% 109
\BOOKMARK [3][-]{section*.112}{\376\377\000P\000r\000o\000b\000l\000e\000m\000\040\000R\000-\000D\000G\000T\000-\0003}{subsection.2.5}% 110
\BOOKMARK [3][-]{section*.114}{\376\377\000P\000r\000o\000b\000l\000e\000m\000\040\000R\000-\000D\000G\000T\000-\0004}{subsection.2.5}% 111
\BOOKMARK [3][-]{section*.115}{\376\377\000P\000r\000o\000b\000l\000e\000m\000\040\000H\000-\0001\000.\0002\000-\0004}{subsection.2.5}% 112
\BOOKMARK [3][-]{section*.116}{\376\377\000P\000r\000o\000b\000l\000e\000m\000\040\000H\000-\0001\000.\0002\000-\0007}{subsection.2.5}% 113
\BOOKMARK [3][-]{section*.117}{\376\377\000P\000r\000o\000b\000l\000e\000m\000\040\000H\000-\0001\000.\0002\000-\0008}{subsection.2.5}% 114
\BOOKMARK [3][-]{section*.118}{\376\377\000P\000r\000o\000b\000l\000e\000m\000\040\000H\000-\0001\000.\0003\000-\0009}{subsection.2.5}% 115
\BOOKMARK [3][-]{section*.119}{\376\377\000P\000r\000o\000b\000l\000e\000m\000\040\000H\000-\0001\000.\0003\000-\0001\0000}{subsection.2.5}% 116
\BOOKMARK [2][-]{subsection.2.6}{\376\377\000V\000e\000c\000t\000o\000r\000\040\000F\000i\000e\000l\000d\000s}{section.2}% 117
\BOOKMARK [3][-]{section*.121}{\376\377\000P\000r\000o\000b\000l\000e\000m\000\040\0002\0000\0002\0000\000-\000J\000-\000I\000-\0004}{subsection.2.6}% 118
\BOOKMARK [3][-]{section*.122}{\376\377\000P\000r\000o\000b\000l\000e\000m\000\040\0002\0000\0001\0007\000-\000J\000-\000I\000I\000-\0001}{subsection.2.6}% 119
\BOOKMARK [3][-]{section*.123}{\376\377\000P\000r\000o\000b\000l\000e\000m\000\040\000A\000Z\000-\0002\0000\0001\0001\000-\000M\000-\0001}{subsection.2.6}% 120
\BOOKMARK [3][-]{section*.124}{\376\377\000P\000r\000o\000b\000l\000e\000m\000\040\000L\000B\000-\0002\0000\0002\0000\000-\000F\000-\0007}{subsection.2.6}% 121
\BOOKMARK [2][-]{subsection.2.7}{\376\377\000C\000o\000v\000e\000r\000i\000n\000g\000\040\000S\000p\000a\000c\000e\000s}{section.2}% 122
\BOOKMARK [3][-]{section*.125}{\376\377\000P\000r\000o\000b\000l\000e\000m\000\040\0002\0000\0002\0006\000-\000J\000-\000I\000I\000-\0001}{subsection.2.7}% 123
\BOOKMARK [3][-]{section*.126}{\376\377\000P\000r\000o\000b\000l\000e\000m\000\040\0002\0000\0002\0005\000-\000J\000-\000I\000I\000-\0002}{subsection.2.7}% 124
\BOOKMARK [3][-]{section*.127}{\376\377\000P\000r\000o\000b\000l\000e\000m\000\040\0002\0000\0002\0004\000-\000A\000-\000I\000-\0003}{subsection.2.7}% 125
\BOOKMARK [3][-]{section*.128}{\376\377\000P\000r\000o\000b\000l\000e\000m\000\040\0002\0000\0002\0003\000-\000J\000-\000I\000-\0003}{subsection.2.7}% 126
\BOOKMARK [3][-]{section*.129}{\376\377\000P\000r\000o\000b\000l\000e\000m\000\040\0002\0000\0002\0002\000-\000J\000-\000I\000-\0002}{subsection.2.7}% 127
\BOOKMARK [3][-]{section*.130}{\376\377\000P\000r\000o\000b\000l\000e\000m\000\040\0002\0000\0002\0001\000-\000A\000-\000I\000-\0006}{subsection.2.7}% 128
\BOOKMARK [3][-]{section*.131}{\376\377\000P\000r\000o\000b\000l\000e\000m\000\040\0002\0000\0002\0000\000-\000J\000-\000I\000I\000-\0006}{subsection.2.7}% 129
\BOOKMARK [3][-]{section*.132}{\376\377\000P\000r\000o\000b\000l\000e\000m\000\040\0002\0000\0001\0009\000-\000J\000-\000I\000I\000-\0001}{subsection.2.7}% 130
\BOOKMARK [3][-]{section*.133}{\376\377\000P\000r\000o\000b\000l\000e\000m\000\040\0002\0000\0001\0007\000-\000J\000-\000I\000I\000-\0004}{subsection.2.7}% 131
\BOOKMARK [3][-]{section*.135}{\376\377\000P\000r\000o\000b\000l\000e\000m\000\040\0002\0000\0001\0006\000-\000A\000-\000I\000I\000-\0001}{subsection.2.7}% 132
\BOOKMARK [3][-]{section*.137}{\376\377\000P\000r\000o\000b\000l\000e\000m\000\040\0002\0000\0001\0006\000-\000J\000-\000I\000-\0002}{subsection.2.7}% 133
\BOOKMARK [3][-]{section*.138}{\376\377\000P\000r\000o\000b\000l\000e\000m\000\040\0002\0000\0001\0005\000-\000A\000-\000I\000-\0001}{subsection.2.7}% 134
\BOOKMARK [3][-]{section*.139}{\376\377\000P\000r\000o\000b\000l\000e\000m\000\040\0002\0000\0001\0004\000-\000A\000-\000I\000-\0006}{subsection.2.7}% 135
\BOOKMARK [3][-]{section*.140}{\376\377\000P\000r\000o\000b\000l\000e\000m\000\040\0002\0000\0001\0003\000-\000A\000-\000I\000-\0001}{subsection.2.7}% 136
\BOOKMARK [3][-]{section*.141}{\376\377\000P\000r\000o\000b\000l\000e\000m\000\040\0002\0000\0001\0003\000-\000J\000-\000I\000I\000-\0005}{subsection.2.7}% 137
\BOOKMARK [3][-]{section*.142}{\376\377\000P\000r\000o\000b\000l\000e\000m\000\040\0002\0000\0001\0003\000-\000J\000-\000I\000I\000-\0005\000\040\000\050\000M\000o\000d\000i\000f\000i\000e\000d\000\051}{subsection.2.7}% 138
\BOOKMARK [3][-]{section*.143}{\376\377\000P\000r\000o\000b\000l\000e\000m\000\040\0002\0000\0001\0000\000-\000A\000-\000I\000I\000-\0004}{subsection.2.7}% 139
\BOOKMARK [3][-]{section*.144}{\376\377\000P\000r\000o\000b\000l\000e\000m\000\040\0002\0000\0000\0005\000-\000J\000-\000I\000I\000-\0005}{subsection.2.7}% 140
\BOOKMARK [3][-]{section*.145}{\376\377\000P\000r\000o\000b\000l\000e\000m\000\040\0002\0000\0000\0004\000-\000A\000-\000I\000-\0005}{subsection.2.7}% 141
\BOOKMARK [3][-]{section*.146}{\376\377\000P\000r\000o\000b\000l\000e\000m\000\040\0002\0000\0000\0003\000-\000J\000-\000I\000I\000-\0006}{subsection.2.7}% 142
\BOOKMARK [3][-]{section*.147}{\376\377\000P\000r\000o\000b\000l\000e\000m\000\040\0001\0009\0009\0007\000-\000A\000-\000I\000-\0004}{subsection.2.7}% 143
\BOOKMARK [2][-]{subsection.2.8}{\376\377\000D\000e\000g\000r\000e\000e\000\040\000T\000h\000e\000o\000r\000y}{section.2}% 144
\BOOKMARK [3][-]{section*.148}{\376\377\000P\000r\000o\000b\000l\000e\000m\000\040\0002\0000\0002\0000\000-\000J\000-\000I\000-\0002}{subsection.2.8}% 145
\BOOKMARK [3][-]{section*.149}{\376\377\000P\000r\000o\000b\000l\000e\000m\000\040\0002\0000\0001\0009\000-\000J\000-\000I\000-\0006}{subsection.2.8}% 146
\BOOKMARK [3][-]{section*.150}{\376\377\000P\000r\000o\000b\000l\000e\000m\000\040\0002\0000\0001\0008\000-\000J\000-\000I\000-\0005}{subsection.2.8}% 147
\BOOKMARK [3][-]{section*.151}{\376\377\000P\000r\000o\000b\000l\000e\000m\000\040\0002\0000\0001\0007\000-\000A\000-\000I\000I\000-\0004}{subsection.2.8}% 148
\BOOKMARK [3][-]{section*.152}{\376\377\000P\000r\000o\000b\000l\000e\000m\000\040\0002\0000\0001\0005\000-\000A\000-\000I\000I\000-\0002}{subsection.2.8}% 149
\BOOKMARK [3][-]{section*.153}{\376\377\000P\000r\000o\000b\000l\000e\000m\000\040\0002\0000\0001\0003\000-\000A\000-\000I\000-\0004}{subsection.2.8}% 150
\BOOKMARK [3][-]{section*.154}{\376\377\000P\000r\000o\000b\000l\000e\000m\000\040\0002\0000\0001\0002\000-\000J\000-\000I\000I\000-\0003}{subsection.2.8}% 151
\BOOKMARK [3][-]{section*.155}{\376\377\000P\000r\000o\000b\000l\000e\000m\000\040\0002\0000\0000\0001\000-\000J\000-\000I\000I\000-\0001}{subsection.2.8}% 152
\BOOKMARK [3][-]{section*.156}{\376\377\000P\000r\000o\000b\000l\000e\000m\000\040\0002\0000\0001\0002\000-\000A\000-\000I\000I\000-\0005}{subsection.2.8}% 153
\BOOKMARK [3][-]{section*.157}{\376\377\000P\000r\000o\000b\000l\000e\000m\000\040\0002\0000\0000\0000\000-\000J\000-\000I\000-\0005}{subsection.2.8}% 154
\BOOKMARK [3][-]{section*.158}{\376\377\000P\000r\000o\000b\000l\000e\000m\000\040\000A\000Z\000-\0002\0000\0001\0001\000-\000F\000-\0001}{subsection.2.8}% 155
\BOOKMARK [2][-]{subsection.2.9}{\376\377\000R\000a\000n\000d\000o\000m\000\040\000M\000a\000n\000i\000f\000o\000l\000d\000\040\000T\000h\000e\000o\000r\000y}{section.2}% 156
\BOOKMARK [3][-]{section*.159}{\376\377\000P\000r\000o\000b\000l\000e\000m\000\040\0002\0000\0002\0000\000-\000A\000-\000I\000-\0006}{subsection.2.9}% 157
\BOOKMARK [3][-]{section*.162}{\376\377\000P\000r\000o\000b\000l\000e\000m\000\040\0002\0000\0000\0009\000-\000J\000-\000I\000-\0001}{subsection.2.9}% 158
\BOOKMARK [1][-]{section.3}{\376\377\000A\000l\000g\000e\000b\000r\000a}{}% 159
\BOOKMARK [2][-]{subsection.3.1}{\376\377\000R\000i\000n\000g\000\040\000T\000h\000e\000o\000r\000y}{section.3}% 160
\BOOKMARK [3][-]{section*.163}{\376\377\000P\000r\000o\000b\000l\000e\000m\000\040\0002\0000\0002\0005\000-\000J\000-\000I\000-\0001}{subsection.3.1}% 161
\BOOKMARK [3][-]{section*.164}{\376\377\000P\000r\000o\000b\000l\000e\000m\000\040\0002\0000\0002\0004\000-\000J\000-\000I\000-\0004}{subsection.3.1}% 162
\BOOKMARK [3][-]{section*.165}{\376\377\000P\000r\000o\000b\000l\000e\000m\000\040\0002\0000\0002\0001\000-\000J\000-\000I\000I\000-\0001}{subsection.3.1}% 163
\BOOKMARK [3][-]{section*.166}{\376\377\000P\000r\000o\000b\000l\000e\000m\000\040\0002\0000\0002\0000\000-\000J\000-\000I\000-\0005}{subsection.3.1}% 164
\BOOKMARK [3][-]{section*.167}{\376\377\000P\000r\000o\000b\000l\000e\000m\000\040\0002\0000\0001\0009\000-\000A\000-\000I\000I\000-\0006}{subsection.3.1}% 165
\BOOKMARK [3][-]{section*.168}{\376\377\000P\000r\000o\000b\000l\000e\000m\000\040\0002\0000\0001\0009\000-\000J\000-\000I\000I\000-\0002}{subsection.3.1}% 166
\BOOKMARK [3][-]{section*.169}{\376\377\000P\000r\000o\000b\000l\000e\000m\000\040\0002\0000\0001\0008\000-\000A\000-\000I\000-\0001}{subsection.3.1}% 167
\BOOKMARK [3][-]{section*.170}{\376\377\000P\000r\000o\000b\000l\000e\000m\000\040\0002\0000\0001\0006\000-\000J\000-\000I\000-\0006}{subsection.3.1}% 168
\BOOKMARK [3][-]{section*.171}{\376\377\000P\000r\000o\000b\000l\000e\000m\000\040\0002\0000\0001\0005\000-\000J\000-\000I\000I\000-\0001}{subsection.3.1}% 169
\BOOKMARK [3][-]{section*.172}{\376\377\000P\000r\000o\000b\000l\000e\000m\000\040\0002\0000\0001\0004\000-\000A\000-\000I\000-\0004}{subsection.3.1}% 170
\BOOKMARK [3][-]{section*.173}{\376\377\000P\000r\000o\000b\000l\000e\000m\000\040\0002\0000\0001\0004\000-\000J\000-\000I\000-\0002}{subsection.3.1}% 171
\BOOKMARK [3][-]{section*.174}{\376\377\000P\000r\000o\000b\000l\000e\000m\000\040\0002\0000\0000\0006\000-\000A\000-\000I\000-\0005}{subsection.3.1}% 172
\BOOKMARK [3][-]{section*.175}{\376\377\000P\000r\000o\000b\000l\000e\000m\000\040\0002\0000\0000\0005\000-\000A\000-\000I\000I\000-\0003}{subsection.3.1}% 173
\BOOKMARK [2][-]{subsection.3.2}{\376\377\000L\000i\000n\000e\000a\000r\000\040\000A\000l\000g\000e\000b\000r\000a}{section.3}% 174
\BOOKMARK [3][-]{section*.176}{\376\377\000P\000r\000o\000b\000l\000e\000m\000\040\0002\0000\0002\0003\000-\000A\000-\000I\000-\0001}{subsection.3.2}% 175
\BOOKMARK [3][-]{section*.177}{\376\377\000P\000r\000o\000b\000l\000e\000m\000\040\0002\0000\0002\0003\000-\000A\000-\000I\000-\0003}{subsection.3.2}% 176
\BOOKMARK [3][-]{section*.178}{\376\377\000P\000r\000o\000b\000l\000e\000m\000\040\0002\0000\0002\0003\000-\000J\000-\000I\000-\0006}{subsection.3.2}% 177
\BOOKMARK [3][-]{section*.179}{\376\377\000P\000r\000o\000b\000l\000e\000m\000\040\0002\0000\0002\0003\000-\000J\000-\000I\000I\000-\0005}{subsection.3.2}% 178
\BOOKMARK [3][-]{section*.180}{\376\377\000P\000r\000o\000b\000l\000e\000m\000\040\0002\0000\0002\0002\000-\000A\000-\000I\000-\0006}{subsection.3.2}% 179
\BOOKMARK [3][-]{section*.181}{\376\377\000P\000r\000o\000b\000l\000e\000m\000\040\0002\0000\0001\0009\000-\000J\000-\000I\000-\0001}{subsection.3.2}% 180
\BOOKMARK [3][-]{section*.182}{\376\377\000P\000r\000o\000b\000l\000e\000m\000\040\0002\0000\0001\0008\000-\000J\000-\000I\000I\000-\0002}{subsection.3.2}% 181
\BOOKMARK [3][-]{section*.183}{\376\377\000P\000r\000o\000b\000l\000e\000m\000\040\0002\0000\0001\0007\000-\000J\000-\000I\000-\0005}{subsection.3.2}% 182
\BOOKMARK [3][-]{section*.184}{\376\377\000P\000r\000o\000b\000l\000e\000m\000\040\0002\0000\0001\0006\000-\000A\000-\000I\000I\000-\0003}{subsection.3.2}% 183
\BOOKMARK [3][-]{section*.185}{\376\377\000P\000r\000o\000b\000l\000e\000m\000\040\0002\0000\0001\0006\000-\000A\000-\000I\000I\000-\0006}{subsection.3.2}% 184
\BOOKMARK [3][-]{section*.186}{\376\377\000P\000r\000o\000b\000l\000e\000m\000\040\0002\0000\0001\0006\000-\000J\000-\000I\000I\000-\0005}{subsection.3.2}% 185
\BOOKMARK [3][-]{section*.187}{\376\377\000P\000r\000o\000b\000l\000e\000m\000\040\0002\0000\0001\0005\000-\000J\000-\000I\000-\0006}{subsection.3.2}% 186
\BOOKMARK [3][-]{section*.188}{\376\377\000P\000r\000o\000b\000l\000e\000m\000\040\0002\0000\0001\0004\000-\000J\000-\000I\000I\000-\0006}{subsection.3.2}% 187
\BOOKMARK [3][-]{section*.189}{\376\377\000P\000r\000o\000b\000l\000e\000m\000\040\0002\0000\0001\0000\000-\000J\000-\000I\000-\0006}{subsection.3.2}% 188
\BOOKMARK [3][-]{section*.190}{\376\377\000P\000r\000o\000b\000l\000e\000m\000\040\0002\0000\0000\0007\000-\000J\000-\000I\000-\0003}{subsection.3.2}% 189
\BOOKMARK [2][-]{subsection.3.3}{\376\377\000A\000b\000e\000l\000i\000a\000n\000\040\000G\000r\000o\000u\000p\000s}{section.3}% 190
\BOOKMARK [3][-]{section*.191}{\376\377\000P\000r\000o\000b\000l\000e\000m\000\040\0002\0000\0002\0000\000-\000A\000-\000I\000-\0004}{subsection.3.3}% 191
\BOOKMARK [3][-]{section*.192}{\376\377\000P\000r\000o\000b\000l\000e\000m\000\040\0002\0000\0002\0000\000-\000J\000-\000I\000-\0001}{subsection.3.3}% 192
\BOOKMARK [3][-]{section*.193}{\376\377\000P\000r\000o\000b\000l\000e\000m\000\040\0002\0000\0001\0002\000-\000J\000-\000I\000-\0006}{subsection.3.3}% 193
\BOOKMARK [2][-]{subsection.3.4}{\376\377\000G\000a\000l\000o\000i\000s\000\040\000T\000h\000e\000o\000r\000y}{section.3}% 194
\BOOKMARK [3][-]{section*.194}{\376\377\000P\000r\000o\000b\000l\000e\000m\000\040\000G\000a\000l\000o\000i\000s\000\040\000L\000e\000m\000m\000a\000\040\000I}{subsection.3.4}% 195
\BOOKMARK [3][-]{section*.195}{\376\377\000P\000r\000o\000b\000l\000e\000m\000\040\0002\0000\0002\0005\000-\000A\000-\000I\000-\0006}{subsection.3.4}% 196
\BOOKMARK [3][-]{section*.196}{\376\377\000P\000r\000o\000b\000l\000e\000m\000\040\0002\0000\0002\0005\000-\000J\000-\000I\000I\000-\0006}{subsection.3.4}% 197
\BOOKMARK [3][-]{section*.197}{\376\377\000P\000r\000o\000b\000l\000e\000m\000\040\0002\0000\0002\0004\000-\000A\000-\000I\000I\000-\0005}{subsection.3.4}% 198
\BOOKMARK [3][-]{section*.198}{\376\377\000P\000r\000o\000b\000l\000e\000m\000\040\0002\0000\0002\0004\000-\000J\000-\000I\000I\000-\0004}{subsection.3.4}% 199
\BOOKMARK [3][-]{section*.199}{\376\377\000P\000r\000o\000b\000l\000e\000m\000\040\0002\0000\0002\0003\000-\000A\000-\000I\000I\000-\0001}{subsection.3.4}% 200
\BOOKMARK [3][-]{section*.200}{\376\377\000P\000r\000o\000b\000l\000e\000m\000\040\0002\0000\0002\0003\000-\000A\000-\000I\000I\000-\0003}{subsection.3.4}% 201
\BOOKMARK [3][-]{section*.201}{\376\377\000P\000r\000o\000b\000l\000e\000m\000\040\0002\0000\0002\0003\000-\000J\000-\000I\000-\0005}{subsection.3.4}% 202
\BOOKMARK [3][-]{section*.202}{\376\377\000P\000r\000o\000b\000l\000e\000m\000\040\0002\0000\0002\0002\000-\000A\000-\000I\000-\0002}{subsection.3.4}% 203
\BOOKMARK [3][-]{section*.203}{\376\377\000P\000r\000o\000b\000l\000e\000m\000\040\0002\0000\0002\0002\000-\000J\000-\000I\000I\000-\0006}{subsection.3.4}% 204
\BOOKMARK [3][-]{section*.204}{\376\377\000P\000r\000o\000b\000l\000e\000m\000\040\0002\0000\0002\0001\000-\000A\000-\000I\000-\0004}{subsection.3.4}% 205
\BOOKMARK [3][-]{section*.205}{\376\377\000P\000r\000o\000b\000l\000e\000m\000\040\0002\0000\0002\0001\000-\000A\000-\000I\000I\000-\0005}{subsection.3.4}% 206
\BOOKMARK [3][-]{section*.206}{\376\377\000P\000r\000o\000b\000l\000e\000m\000\040\0002\0000\0002\0001\000-\000J\000-\000I\000-\0005}{subsection.3.4}% 207
\BOOKMARK [3][-]{section*.207}{\376\377\000P\000r\000o\000b\000l\000e\000m\000\040\0002\0000\0002\0000\000-\000J\000-\000I\000I\000-\0005}{subsection.3.4}% 208
\BOOKMARK [3][-]{section*.208}{\376\377\000P\000r\000o\000b\000l\000e\000m\000\040\0002\0000\0001\0009\000-\000A\000-\000I\000-\0006}{subsection.3.4}% 209
\BOOKMARK [3][-]{section*.209}{\376\377\000P\000r\000o\000b\000l\000e\000m\000\040\0002\0000\0001\0008\000-\000A\000-\000I\000-\0006}{subsection.3.4}% 210
\BOOKMARK [3][-]{section*.210}{\376\377\000P\000r\000o\000b\000l\000e\000m\000\040\0002\0000\0001\0008\000-\000J\000-\000I\000-\0003}{subsection.3.4}% 211
\BOOKMARK [3][-]{section*.211}{\376\377\000P\000r\000o\000b\000l\000e\000m\000\040\0002\0000\0001\0007\000-\000A\000-\000I\000I\000-\0003}{subsection.3.4}% 212
\BOOKMARK [3][-]{section*.212}{\376\377\000P\000r\000o\000b\000l\000e\000m\000\040\0002\0000\0001\0007\000-\000J\000-\000I\000-\0003}{subsection.3.4}% 213
\BOOKMARK [3][-]{section*.213}{\376\377\000P\000r\000o\000b\000l\000e\000m\000\040\0002\0000\0001\0006\000-\000A\000-\000I\000-\0001}{subsection.3.4}% 214
\BOOKMARK [3][-]{section*.214}{\376\377\000P\000r\000o\000b\000l\000e\000m\000\040\0002\0000\0001\0006\000-\000J\000-\000I\000I\000-\0002}{subsection.3.4}% 215
\BOOKMARK [3][-]{section*.215}{\376\377\000P\000r\000o\000b\000l\000e\000m\000\040\0002\0000\0001\0005\000-\000A\000-\000I\000I\000-\0005}{subsection.3.4}% 216
\BOOKMARK [3][-]{section*.216}{\376\377\000P\000r\000o\000b\000l\000e\000m\000\040\0002\0000\0001\0004\000-\000A\000-\000I\000I\000-\0001}{subsection.3.4}% 217
\BOOKMARK [3][-]{section*.217}{\376\377\000P\000r\000o\000b\000l\000e\000m\000\040\0002\0000\0001\0004\000-\000J\000-\000I\000-\0005}{subsection.3.4}% 218
\BOOKMARK [3][-]{section*.218}{\376\377\000P\000r\000o\000b\000l\000e\000m\000\040\0002\0000\0001\0003\000-\000A\000-\000I\000-\0002}{subsection.3.4}% 219
\BOOKMARK [3][-]{section*.219}{\376\377\000P\000r\000o\000b\000l\000e\000m\000\040\0002\0000\0001\0001\000-\000A\000-\000I\000-\0001}{subsection.3.4}% 220
\BOOKMARK [3][-]{section*.220}{\376\377\000P\000r\000o\000b\000l\000e\000m\000\040\0002\0000\0001\0001\000-\000A\000-\000I\000I\000-\0001}{subsection.3.4}% 221
\BOOKMARK [3][-]{section*.221}{\376\377\000P\000r\000o\000b\000l\000e\000m\000\040\0002\0000\0001\0001\000-\000J\000-\000I\000-\0005}{subsection.3.4}% 222
\BOOKMARK [3][-]{section*.222}{\376\377\000P\000r\000o\000b\000l\000e\000m\000\040\0002\0000\0001\0000\000-\000A\000-\000I\000I\000-\0002}{subsection.3.4}% 223
\BOOKMARK [3][-]{section*.223}{\376\377\000P\000r\000o\000b\000l\000e\000m\000\040\0002\0000\0001\0000\000-\000J\000-\000I\000-\0005}{subsection.3.4}% 224
\BOOKMARK [3][-]{section*.224}{\376\377\000P\000r\000o\000b\000l\000e\000m\000\040\0002\0000\0000\0007\000-\000A\000-\000I\000-\0001}{subsection.3.4}% 225
\BOOKMARK [3][-]{section*.225}{\376\377\000P\000r\000o\000b\000l\000e\000m\000\040\0002\0000\0000\0005\000-\000J\000-\000I\000-\0004}{subsection.3.4}% 226
\BOOKMARK [3][-]{section*.226}{\376\377\000P\000r\000o\000b\000l\000e\000m\000\040\0001\0009\0009\0007\000-\000J\000-\000I\000I\000-\0004}{subsection.3.4}% 227
\BOOKMARK [2][-]{subsection.3.5}{\376\377\000S\000y\000l\000o\000w\000'\000s\000\040\000T\000h\000e\000o\000r\000e\000m\000s}{section.3}% 228
\BOOKMARK [3][-]{section*.227}{\376\377\000P\000r\000o\000b\000l\000e\000m\000\040\0002\0000\0002\0002\000-\000J\000-\000I\000-\0003}{subsection.3.5}% 229
\BOOKMARK [3][-]{section*.228}{\376\377\000P\000r\000o\000b\000l\000e\000m\000\040\0002\0000\0002\0002\000-\000A\000-\000I\000I\000-\0004}{subsection.3.5}% 230
\BOOKMARK [3][-]{section*.229}{\376\377\000P\000r\000o\000b\000l\000e\000m\000\040\0002\0000\0001\0009\000-\000A\000-\000I\000-\0001}{subsection.3.5}% 231
\BOOKMARK [3][-]{section*.230}{\376\377\000P\000r\000o\000b\000l\000e\000m\000\040\0002\0000\0001\0009\000-\000J\000-\000I\000I\000-\0005}{subsection.3.5}% 232
\BOOKMARK [3][-]{section*.231}{\376\377\000P\000r\000o\000b\000l\000e\000m\000\040\0002\0000\0001\0008\000-\000J\000-\000I\000I\000-\0005}{subsection.3.5}% 233
\BOOKMARK [3][-]{section*.232}{\376\377\000P\000r\000o\000b\000l\000e\000m\000\040\0002\0000\0001\0007\000-\000J\000-\000I\000I\000-\0006}{subsection.3.5}% 234
\BOOKMARK [3][-]{section*.233}{\376\377\000P\000r\000o\000b\000l\000e\000m\000\040\0002\0000\0001\0006\000-\000J\000-\000I\000-\0001}{subsection.3.5}% 235
\BOOKMARK [3][-]{section*.234}{\376\377\000P\000r\000o\000b\000l\000e\000m\000\040\0002\0000\0001\0004\000-\000J\000-\000I\000I\000-\0002}{subsection.3.5}% 236
\BOOKMARK [3][-]{section*.235}{\376\377\000P\000r\000o\000b\000l\000e\000m\000\040\0002\0000\0001\0003\000-\000J\000-\000I\000-\0002}{subsection.3.5}% 237
\BOOKMARK [3][-]{section*.236}{\376\377\000P\000r\000o\000b\000l\000e\000m\000\040\0002\0000\0000\0009\000-\000J\000-\000I\000-\0005}{subsection.3.5}% 238
\BOOKMARK [3][-]{section*.237}{\376\377\000P\000r\000o\000b\000l\000e\000m\000\040\0002\0000\0000\0006\000-\000A\000-\000I\000I\000-\0005}{subsection.3.5}% 239
\BOOKMARK [3][-]{section*.238}{\376\377\000P\000r\000o\000b\000l\000e\000m\000\040\0002\0000\0000\0001\000-\000J\000-\000I\000-\0003}{subsection.3.5}% 240
\BOOKMARK [3][-]{section*.239}{\376\377\000P\000r\000o\000b\000l\000e\000m\000\040\0001\0009\0009\0009\000-\000A\000-\000I\000-\0001}{subsection.3.5}% 241
\BOOKMARK [3][-]{section*.240}{\376\377\000P\000r\000o\000b\000l\000e\000m\000\040\000D\000\046\000F\000-\0004\000.\0005\000-\0001\0003}{subsection.3.5}% 242
\BOOKMARK [3][-]{section*.241}{\376\377\000P\000r\000o\000b\000l\000e\000m\000\040\000D\000\046\000F\000-\0004\000.\0005\000-\0001\0004}{subsection.3.5}% 243
\BOOKMARK [3][-]{section*.242}{\376\377\000P\000r\000o\000b\000l\000e\000m\000\040\000D\000\046\000F\000-\0004\000.\0005\000-\0001\0005}{subsection.3.5}% 244
\BOOKMARK [3][-]{section*.243}{\376\377\000P\000r\000o\000b\000l\000e\000m\000\040\000D\000\046\000F\000-\0004\000.\0005\000-\0001\0007}{subsection.3.5}% 245
\BOOKMARK [3][-]{section*.244}{\376\377\000P\000r\000o\000b\000l\000e\000m\000\040\000D\000\046\000F\000-\0004\000.\0005\000-\0003\0002}{subsection.3.5}% 246
\BOOKMARK [3][-]{section*.245}{\376\377\000P\000r\000o\000b\000l\000e\000m\000\040\000D\000\046\000F\000-\0004\000.\0005\000-\0003\0003}{subsection.3.5}% 247
\BOOKMARK [3][-]{section*.246}{\376\377\000P\000r\000o\000b\000l\000e\000m\000\040\000D\000\046\000F\000-\0004\000.\0005\000-\0003\0004}{subsection.3.5}% 248
\BOOKMARK [3][-]{section*.247}{\376\377\000P\000r\000o\000b\000l\000e\000m\000\040\000D\000\046\000F\000-\0004\000.\0005\000-\0003\0006}{subsection.3.5}% 249
\BOOKMARK [2][-]{subsection.3.6}{\376\377\000C\000l\000a\000s\000s\000i\000f\000i\000c\000a\000t\000i\000o\000n\000\040\000o\000f\000\040\000G\000r\000o\000u\000p\000s}{section.3}% 250
\BOOKMARK [3][-]{section*.248}{\376\377\000P\000r\000o\000b\000l\000e\000m\000\040\0002\0000\0002\0006\000-\000J\000-\000I\000-\0005}{subsection.3.6}% 251
\BOOKMARK [3][-]{section*.249}{\376\377\000P\000r\000o\000b\000l\000e\000m\000\040\0002\0000\0002\0005\000-\000A\000-\000I\000-\0005}{subsection.3.6}% 252
\BOOKMARK [3][-]{section*.250}{\376\377\000P\000r\000o\000b\000l\000e\000m\000\040\0002\0000\0002\0004\000-\000J\000-\000I}{subsection.3.6}% 253
\BOOKMARK [3][-]{section*.251}{\376\377\000P\000r\000o\000b\000l\000e\000m\000\040\0002\0000\0002\0003\000-\000J\000-\000I\000I\000-\0006}{subsection.3.6}% 254
\BOOKMARK [3][-]{section*.252}{\376\377\000P\000r\000o\000b\000l\000e\000m\000\040\0002\0000\0001\0000\000-\000J\000-\000I\000I\000-\0005}{subsection.3.6}% 255
\BOOKMARK [3][-]{section*.253}{\376\377\000P\000r\000o\000b\000l\000e\000m\000\040\0002\0000\0000\0008\000-\000J\000-\000I\000-\0003}{subsection.3.6}% 256
\BOOKMARK [3][-]{section*.254}{\376\377\000P\000r\000o\000b\000l\000e\000m\000\040\0002\0000\0000\0004\000-\000A\000-\000I\000-\0006}{subsection.3.6}% 257
\BOOKMARK [3][-]{section*.255}{\376\377\000P\000r\000o\000b\000l\000e\000m\000\040\0002\0000\0000\0003\000-\000A\000-\000I\000I\000-\0006}{subsection.3.6}% 258
\BOOKMARK [3][-]{section*.256}{\376\377\000P\000r\000o\000b\000l\000e\000m\000\040\0002\0000\0000\0003\000-\000J\000-\000I\000-\0006}{subsection.3.6}% 259
\BOOKMARK [3][-]{section*.257}{\376\377\000P\000r\000o\000b\000l\000e\000m\000\040\000D\000\046\000F\000-\0005\000.\0002\000-\0001}{subsection.3.6}% 260
\BOOKMARK [2][-]{subsection.3.7}{\376\377\000M\000o\000d\000u\000l\000e\000\040\000T\000h\000e\000o\000r\000y}{section.3}% 261
\BOOKMARK [3][-]{section*.258}{\376\377\000P\000r\000o\000b\000l\000e\000m\000\040\0002\0000\0002\0005\000-\000J\000-\000I\000-\0005}{subsection.3.7}% 262
\BOOKMARK [3][-]{section*.259}{\376\377\000P\000r\000o\000b\000l\000e\000m\000\040\0002\0000\0002\0005\000-\000J\000-\000I\000I\000-\0003\000\040\000\050\000M\000o\000d\000i\000f\000i\000e\000d\000\051\000\040}{subsection.3.7}% 263
\BOOKMARK [3][-]{section*.260}{\376\377\000P\000r\000o\000b\000l\000e\000m\000\040\0002\0000\0002\0005\000-\000J\000-\000I\000I\000-\0003}{subsection.3.7}% 264
\BOOKMARK [3][-]{section*.261}{\376\377\000P\000r\000o\000b\000l\000e\000m\000\040\0002\0000\0002\0004\000-\000A\000-\000I\000-\0006}{subsection.3.7}% 265
\BOOKMARK [3][-]{section*.262}{\376\377\000P\000r\000o\000b\000l\000e\000m\000\040\0002\0000\0002\0004\000-\000A\000-\000I\000I\000-\0006}{subsection.3.7}% 266
\BOOKMARK [3][-]{section*.263}{\376\377\000P\000r\000o\000b\000l\000e\000m\000\040\0002\0000\0002\0001\000-\000A\000-\000I\000-\0005}{subsection.3.7}% 267
\BOOKMARK [3][-]{section*.264}{\376\377\000P\000r\000o\000b\000l\000e\000m\000\040\0002\0000\0001\0007\000-\000A\000-\000I\000-\0003}{subsection.3.7}% 268
\BOOKMARK [3][-]{section*.265}{\376\377\000P\000r\000o\000b\000l\000e\000m\000\040\0002\0000\0001\0007\000-\000J\000-\000I\000I\000-\0003}{subsection.3.7}% 269
\BOOKMARK [3][-]{section*.266}{\376\377\000P\000r\000o\000b\000l\000e\000m\000\040\0002\0000\0001\0001\000-\000A\000-\000I\000-\0002}{subsection.3.7}% 270
\BOOKMARK [3][-]{section*.267}{\376\377\000P\000r\000o\000b\000l\000e\000m\000\040\0002\0000\0001\0001\000-\000J\000-\000I\000-\0002}{subsection.3.7}% 271
\BOOKMARK [3][-]{section*.268}{\376\377\000P\000r\000o\000b\000l\000e\000m\000\040\0002\0000\0000\0005\000-\000J\000-\000I\000I\000-\0004}{subsection.3.7}% 272
\BOOKMARK [3][-]{section*.269}{\376\377\000P\000r\000o\000b\000l\000e\000m\000\040\000D\000\046\000F\000-\0001\0000\000.\0005\000-\0001}{subsection.3.7}% 273
\BOOKMARK [3][-]{section*.270}{\376\377\000P\000r\000o\000b\000l\000e\000m\000\040\000D\000\046\000F\000-\0001\0000\000.\0005\000-\0002}{subsection.3.7}% 274
\BOOKMARK [3][-]{section*.271}{\376\377\000P\000r\000o\000b\000l\000e\000m\000\040\000D\000\046\000F\000-\0001\0000\000.\0005\000-\0003}{subsection.3.7}% 275
\BOOKMARK [3][-]{section*.272}{\376\377\000P\000r\000o\000b\000l\000e\000m\000\040\000D\000\046\000F\000-\0001\0000\000.\0005\000-\0004}{subsection.3.7}% 276
\BOOKMARK [3][-]{section*.273}{\376\377\000P\000r\000o\000b\000l\000e\000m\000\040\000D\000\046\000F\000-\0001\0000\000.\0005\000-\0005}{subsection.3.7}% 277
\BOOKMARK [3][-]{section*.274}{\376\377\000P\000r\000o\000b\000l\000e\000m\000\040\000D\000\046\000F\000-\0001\0000\000.\0005\000-\0006}{subsection.3.7}% 278
\BOOKMARK [3][-]{section*.275}{\376\377\000P\000r\000o\000b\000l\000e\000m\000\040\000D\000\046\000F\000-\0001\0000\000.\0005\000-\0007}{subsection.3.7}% 279
\BOOKMARK [3][-]{section*.276}{\376\377\000P\000r\000o\000b\000l\000e\000m\000\040\000D\000\046\000F\000-\0001\0000\000.\0005\000-\0009}{subsection.3.7}% 280
\BOOKMARK [3][-]{section*.277}{\376\377\000P\000r\000o\000b\000l\000e\000m\000\040\000D\000\046\000F\000-\0001\0000\000.\0005\000-\0001\0000}{subsection.3.7}% 281
\BOOKMARK [3][-]{section*.278}{\376\377\000P\000r\000o\000b\000l\000e\000m\000\040\000D\000\046\000F\000-\0001\0000\000.\0005\000-\0001\0002}{subsection.3.7}% 282
\BOOKMARK [3][-]{section*.279}{\376\377\000P\000r\000o\000b\000l\000e\000m\000\040\000D\000\046\000F\000-\0001\0000\000.\0005\000-\0002\0000}{subsection.3.7}% 283
\BOOKMARK [3][-]{section*.280}{\376\377\000P\000r\000o\000b\000l\000e\000m\000\040\000F\000R\000-\0001\000-\0001}{subsection.3.7}% 284
\BOOKMARK [3][-]{section*.281}{\376\377\000P\000r\000o\000b\000l\000e\000m\000\040\000D\000\046\000F\000-\0001\0007\000.\0001\000-\0006}{subsection.3.7}% 285
\BOOKMARK [3][-]{section*.282}{\376\377\000P\000r\000o\000b\000l\000e\000m\000\040\000D\000\046\000F\000-\0001\0007\000.\0001\000-\0007}{subsection.3.7}% 286
\BOOKMARK [3][-]{section*.283}{\376\377\000P\000r\000o\000b\000l\000e\000m\000\040\000D\000\046\000F\000-\0001\0007\000.\0001\000-\0001\0000}{subsection.3.7}% 287
\BOOKMARK [3][-]{section*.284}{\376\377\000P\000r\000o\000b\000l\000e\000m\000\040\000D\000\046\000F\000-\0001\0007\000.\0001\000-\0001\0002}{subsection.3.7}% 288
\BOOKMARK [3][-]{section*.285}{\376\377\000P\000r\000o\000b\000l\000e\000m\000\040\000D\000\046\000F\000-\0001\0007\000.\0001\000-\0001\0003}{subsection.3.7}% 289
\BOOKMARK [3][-]{section*.286}{\376\377\000P\000r\000o\000b\000l\000e\000m\000\040\000D\000\046\000F\000-\0001\0007\000.\0001\000-\0001\0004}{subsection.3.7}% 290
\BOOKMARK [3][-]{section*.287}{\376\377\000P\000r\000o\000b\000l\000e\000m\000\040\000D\000\046\000F\000-\0001\0007\000.\0001\000-\0001\0006}{subsection.3.7}% 291
\BOOKMARK [3][-]{section*.288}{\376\377\000P\000r\000o\000b\000l\000e\000m\000\040\000D\000\046\000F\000-\0001\0007\000.\0001\000-\0001\0007}{subsection.3.7}% 292
\BOOKMARK [3][-]{section*.289}{\376\377\000P\000r\000o\000b\000l\000e\000m\000\040\000D\000\046\000F\000-\0001\0007\000.\0001\000-\0001\0009}{subsection.3.7}% 293
\BOOKMARK [3][-]{section*.290}{\376\377\000P\000r\000o\000b\000l\000e\000m\000\040\000D\000\046\000F\000-\0001\0007\000.\0001\000-\0002\0001}{subsection.3.7}% 294
\BOOKMARK [3][-]{section*.291}{\376\377\000P\000r\000o\000b\000l\000e\000m\000\040\000D\000\046\000F\000-\0001\0007\000.\0001\000-\0002\0002}{subsection.3.7}% 295
\BOOKMARK [3][-]{section*.292}{\376\377\000P\000r\000o\000b\000l\000e\000m\000\040\000D\000\046\000F\000-\0001\0007\000.\0001\000-\0002\0003}{subsection.3.7}% 296
\BOOKMARK [2][-]{subsection.3.8}{\376\377\000P\000u\000r\000e\000\040\000R\000e\000p\000r\000e\000s\000e\000n\000t\000a\000t\000i\000o\000n\000\040\000T\000h\000e\000o\000r\000y}{section.3}% 297
\BOOKMARK [3][-]{section*.293}{\376\377\000P\000r\000o\000b\000l\000e\000m\000\040\0002\0000\0001\0008\000-\000A\000-\000I\000I\000-\0002}{subsection.3.8}% 298
\BOOKMARK [3][-]{section*.294}{\376\377\000P\000r\000o\000b\000l\000e\000m\000\040\000R\000-\000A\000-\0001}{subsection.3.8}% 299
\BOOKMARK [2][-]{subsection.3.9}{\376\377\000P\000u\000r\000e\000\040\000G\000r\000o\000u\000p\000\040\000T\000h\000e\000o\000r\000y}{section.3}% 300
\BOOKMARK [3][-]{section*.295}{\376\377\000P\000r\000o\000b\000l\000e\000m\000\040\0002\0000\0001\0001\000-\000J\000-\000I\000I\000-\0005}{subsection.3.9}% 301
\BOOKMARK [3][-]{section*.296}{\376\377\000P\000r\000o\000b\000l\000e\000m\000\040\0002\0000\0000\0007\000-\000J\000-\000I\000-\0001}{subsection.3.9}% 302
\BOOKMARK [3][-]{section*.297}{\376\377\000P\000r\000o\000b\000l\000e\000m\000\040\0002\0000\0000\0007\000-\000J\000-\000I\000I\000-\0004}{subsection.3.9}% 303
\BOOKMARK [1][-]{section.4}{\376\377\000R\000e\000a\000l\000\040\000A\000n\000a\000l\000y\000s\000i\000s}{}% 304
\BOOKMARK [2][-]{subsection.4.1}{\376\377\000L\000e\000b\000e\000s\000g\000u\000e\000\040\000D\000e\000n\000s\000i\000t\000y\000\040\000T\000h\000e\000o\000r\000e\000m}{section.4}% 305
\BOOKMARK [3][-]{section*.298}{\376\377\000P\000r\000o\000b\000l\000e\000m\000\040\000\050\000S\000t\000e\000i\000n\000h\000a\000u\000s\000\040\000T\000h\000e\000o\000r\000e\000m\000\051}{subsection.4.1}% 306
\BOOKMARK [3][-]{section*.299}{\376\377\000P\000r\000o\000b\000l\000e\000m\000\040\0002\0000\0002\0004\000-\000J\000-\000I\000I\000-\0002}{subsection.4.1}% 307
\BOOKMARK [3][-]{section*.300}{\376\377\000P\000r\000o\000b\000l\000e\000m\000\040\0002\0000\0002\0002\000-\000A\000-\000I\000-\0001}{subsection.4.1}% 308
\BOOKMARK [3][-]{section*.301}{\376\377\000P\000r\000o\000b\000l\000e\000m\000\040\0002\0000\0002\0000\000-\000J\000-\000I\000-\0006}{subsection.4.1}% 309
\BOOKMARK [3][-]{section*.302}{\376\377\000P\000r\000o\000b\000l\000e\000m\000\040\0002\0000\0001\0008\000-\000A\000-\000I\000I\000-\0003}{subsection.4.1}% 310
\BOOKMARK [3][-]{section*.303}{\376\377\000P\000r\000o\000b\000l\000e\000m\000\040\0002\0000\0001\0006\000-\000A\000-\000I\000I\000-\0002}{subsection.4.1}% 311
\BOOKMARK [3][-]{section*.304}{\376\377\000P\000r\000o\000b\000l\000e\000m\000\040\0002\0000\0001\0003\000-\000A\000-\000I\000I\000-\0005}{subsection.4.1}% 312
\BOOKMARK [2][-]{subsection.4.2}{\376\377\000G\000e\000n\000e\000r\000i\000c\000\040\000C\000o\000n\000v\000e\000r\000g\000e\000n\000c\000e\000\040\000P\000r\000o\000b\000l\000e\000m\000s}{section.4}% 313
\BOOKMARK [3][-]{section*.305}{\376\377\000P\000r\000o\000b\000l\000e\000m\000\040\0002\0000\0002\0006\000-\000J\000-\000I\000I\000-\0002}{subsection.4.2}% 314
\BOOKMARK [3][-]{section*.306}{\376\377\000P\000r\000o\000b\000l\000e\000m\000\040\0002\0000\0002\0003\000-\000A\000-\000I\000-\0004}{subsection.4.2}% 315
\BOOKMARK [3][-]{section*.307}{\376\377\000P\000r\000o\000b\000l\000e\000m\000\040\0002\0000\0000\0007\000-\000J\000-\000I\000I\000-\0006}{subsection.4.2}% 316
\BOOKMARK [3][-]{section*.308}{\376\377\000P\000r\000o\000b\000l\000e\000m\000\040\0002\0000\0000\0004\000-\000A\000-\000I\000I\000-\0001}{subsection.4.2}% 317
\BOOKMARK [3][-]{section*.309}{\376\377\000P\000r\000o\000b\000l\000e\000m\000\040\000F\000-\0007\000-\0002\0002}{subsection.4.2}% 318
\BOOKMARK [3][-]{section*.310}{\376\377\000P\000r\000o\000b\000l\000e\000m\000\040\000F\000-\0008\000-\0004}{subsection.4.2}% 319
\BOOKMARK [2][-]{subsection.4.3}{\376\377\000L\000p\000\040\000S\000p\000a\000c\000e\000s}{section.4}% 320
\BOOKMARK [3][-]{section*.311}{\376\377\000P\000r\000o\000b\000l\000e\000m\000\040\0002\0000\0002\0005\000-\000A\000-\000I\000I\000-\0004}{subsection.4.3}% 321
\BOOKMARK [3][-]{section*.312}{\376\377\000P\000r\000o\000b\000l\000e\000m\000\040\0002\0000\0002\0005\000-\000J\000-\000I\000-\0002}{subsection.4.3}% 322
\BOOKMARK [3][-]{section*.313}{\376\377\000P\000r\000o\000b\000l\000e\000m\000\040\0002\0000\0002\0004\000-\000A\000-\000I\000I\000-\0004}{subsection.4.3}% 323
\BOOKMARK [3][-]{section*.314}{\376\377\000P\000r\000o\000b\000l\000e\000m\000\040\0002\0000\0002\0004\000-\000J\000-\000I\000-\0006}{subsection.4.3}% 324
\BOOKMARK [3][-]{section*.315}{\376\377\000P\000r\000o\000b\000l\000e\000m\000\040\0002\0000\0002\0003\000-\000J\000-\000I\000-\0001}{subsection.4.3}% 325
\BOOKMARK [3][-]{section*.316}{\376\377\000P\000r\000o\000b\000l\000e\000m\000\040\0002\0000\0002\0002\000-\000J\000-\000I\000-\0006}{subsection.4.3}% 326
\BOOKMARK [3][-]{section*.317}{\376\377\000P\000r\000o\000b\000l\000e\000m\000\040\0002\0000\0002\0001\000-\000A\000-\000I\000-\0003}{subsection.4.3}% 327
\BOOKMARK [3][-]{section*.318}{\376\377\000P\000r\000o\000b\000l\000e\000m\000\040\0002\0000\0002\0000\000-\000J\000-\000I\000-\0003}{subsection.4.3}% 328
\BOOKMARK [3][-]{section*.319}{\376\377\000P\000r\000o\000b\000l\000e\000m\000\040\0002\0000\0002\0000\000-\000J\000-\000I\000I\000-\0001}{subsection.4.3}% 329
\BOOKMARK [3][-]{section*.320}{\376\377\000P\000r\000o\000b\000l\000e\000m\000\040\0002\0000\0001\0009\000-\000A\000-\000I\000I\000-\0003}{subsection.4.3}% 330
\BOOKMARK [3][-]{section*.321}{\376\377\000P\000r\000o\000b\000l\000e\000m\000\040\0002\0000\0001\0009\000-\000J\000-\000I\000-\0004}{subsection.4.3}% 331
\BOOKMARK [3][-]{section*.322}{\376\377\000P\000r\000o\000b\000l\000e\000m\000\040\0002\0000\0001\0009\000-\000J\000-\000I\000I\000-\0004}{subsection.4.3}% 332
\BOOKMARK [3][-]{section*.323}{\376\377\000P\000r\000o\000b\000l\000e\000m\000\040\0002\0000\0001\0007\000-\000A\000-\000I\000-\0006}{subsection.4.3}% 333
\BOOKMARK [3][-]{section*.324}{\376\377\000P\000r\000o\000b\000l\000e\000m\000\040\0002\0000\0001\0007\000-\000A\000-\000I\000I\000-\0006}{subsection.4.3}% 334
\BOOKMARK [3][-]{section*.325}{\376\377\000P\000r\000o\000b\000l\000e\000m\000\040\0002\0000\0001\0007\000-\000J\000-\000I\000-\0002}{subsection.4.3}% 335
\BOOKMARK [3][-]{section*.326}{\376\377\000P\000r\000o\000b\000l\000e\000m\000\040\0002\0000\0001\0007\000-\000J\000-\000I\000I\000-\0002}{subsection.4.3}% 336
\BOOKMARK [3][-]{section*.327}{\376\377\000P\000r\000o\000b\000l\000e\000m\000\040\0002\0000\0001\0006\000-\000A\000-\000I\000-\0005}{subsection.4.3}% 337
\BOOKMARK [3][-]{section*.328}{\376\377\000P\000r\000o\000b\000l\000e\000m\000\040\0002\0000\0001\0005\000-\000A\000-\000I\000I\000-\0006}{subsection.4.3}% 338
\BOOKMARK [3][-]{section*.329}{\376\377\000P\000r\000o\000b\000l\000e\000m\000\040\0002\0000\0001\0005\000-\000J\000-\000I\000I\000-\0005}{subsection.4.3}% 339
\BOOKMARK [3][-]{section*.330}{\376\377\000P\000r\000o\000b\000l\000e\000m\000\040\0002\0000\0001\0003\000-\000A\000-\000I\000I\000-\0002}{subsection.4.3}% 340
\BOOKMARK [3][-]{section*.331}{\376\377\000P\000r\000o\000b\000l\000e\000m\000\040\0002\0000\0001\0001\000-\000A\000-\000I\000-\0004}{subsection.4.3}% 341
\BOOKMARK [3][-]{section*.332}{\376\377\000P\000r\000o\000b\000l\000e\000m\000\040\0002\0000\0001\0001\000-\000J\000-\000I\000I\000-\0003}{subsection.4.3}% 342
\BOOKMARK [3][-]{section*.333}{\376\377\000P\000r\000o\000b\000l\000e\000m\000\040\0002\0000\0000\0009\000-\000A\000-\000I\000-\0002}{subsection.4.3}% 343
\BOOKMARK [3][-]{section*.334}{\376\377\000P\000r\000o\000b\000l\000e\000m\000\040\0002\0000\0000\0009\000-\000J\000-\000I\000-\0004}{subsection.4.3}% 344
\BOOKMARK [3][-]{section*.335}{\376\377\000P\000r\000o\000b\000l\000e\000m\000\040\0002\0000\0000\0009\000-\000J\000-\000I\000I\000-\0001}{subsection.4.3}% 345
\BOOKMARK [3][-]{section*.336}{\376\377\000P\000r\000o\000b\000l\000e\000m\000\040\0001\0009\0009\0007\000-\000J\000-\000I\000-\0006}{subsection.4.3}% 346
\BOOKMARK [3][-]{section*.337}{\376\377\000P\000r\000o\000b\000l\000e\000m\000\040\000B\000-\0001\0006\000-\0001}{subsection.4.3}% 347
\BOOKMARK [3][-]{section*.338}{\376\377\000P\000r\000o\000b\000l\000e\000m\000\040\000B\000-\0001\0006\000-\0002}{subsection.4.3}% 348
\BOOKMARK [3][-]{section*.339}{\376\377\000P\000r\000o\000b\000l\000e\000m\000\040\000B\000-\0001\0006\000-\0003}{subsection.4.3}% 349
\BOOKMARK [3][-]{section*.340}{\376\377\000P\000r\000o\000b\000l\000e\000m\000\040\000B\000-\0001\0006\000-\0004}{subsection.4.3}% 350
\BOOKMARK [3][-]{section*.341}{\376\377\000P\000r\000o\000b\000l\000e\000m\000\040\000B\000-\0001\0006\000-\0007}{subsection.4.3}% 351
\BOOKMARK [3][-]{section*.342}{\376\377\000P\000r\000o\000b\000l\000e\000m\000\040\000F\000-\0002\000-\0003\0003}{subsection.4.3}% 352
\BOOKMARK [3][-]{section*.343}{\376\377\000P\000r\000o\000b\000l\000e\000m\000\040\000F\000-\0002\000-\0003\0004}{subsection.4.3}% 353
\BOOKMARK [3][-]{section*.344}{\376\377\000P\000r\000o\000b\000l\000e\000m\000\040\000F\000-\0002\000-\0003\0006}{subsection.4.3}% 354
\BOOKMARK [3][-]{section*.345}{\376\377\000P\000r\000o\000b\000l\000e\000m\000\040\000F\000-\0002\000-\0003\0008}{subsection.4.3}% 355
\BOOKMARK [3][-]{section*.346}{\376\377\000P\000r\000o\000b\000l\000e\000m\000\040\000F\000-\0002\000-\0004\0002}{subsection.4.3}% 356
\BOOKMARK [3][-]{section*.347}{\376\377\000P\000r\000o\000b\000l\000e\000m\000\040\000F\000-\0006\000-\0009}{subsection.4.3}% 357
\BOOKMARK [3][-]{section*.348}{\376\377\000P\000r\000o\000b\000l\000e\000m\000\040\000F\000-\0006\000-\0001\0000}{subsection.4.3}% 358
\BOOKMARK [3][-]{section*.349}{\376\377\000P\000r\000o\000b\000l\000e\000m\000\040\000F\000-\0006\000-\0001\0004}{subsection.4.3}% 359
\BOOKMARK [3][-]{section*.350}{\376\377\000P\000r\000o\000b\000l\000e\000m\000\040\000F\000-\0006\000-\0003\0003}{subsection.4.3}% 360
\BOOKMARK [3][-]{section*.351}{\376\377\000P\000r\000o\000b\000l\000e\000m\000\040\000F\000-\0008\000-\0007}{subsection.4.3}% 361
\BOOKMARK [3][-]{section*.352}{\376\377\000P\000r\000o\000b\000l\000e\000m\000\040\000F\000-\0008\000-\0001\0009}{subsection.4.3}% 362
\BOOKMARK [3][-]{section*.353}{\376\377\000P\000r\000o\000b\000l\000e\000m\000\040\000F\000-\0008\000-\0002\0000}{subsection.4.3}% 363
\BOOKMARK [2][-]{subsection.4.4}{\376\377\000W\000e\000i\000e\000r\000s\000t\000r\000a\000s\000s\000\040\000A\000p\000p\000r\000o\000x\000i\000m\000a\000t\000i\000o\000n}{section.4}% 364
\BOOKMARK [3][-]{section*.354}{\376\377\000P\000r\000o\000b\000l\000e\000m\000\040\0002\0000\0002\0001\000-\000A\000-\000I\000I\000-\0006}{subsection.4.4}% 365
\BOOKMARK [3][-]{section*.355}{\376\377\000P\000r\000o\000b\000l\000e\000m\000\040\0002\0000\0001\0008\000-\000A\000-\000I\000-\0005}{subsection.4.4}% 366
\BOOKMARK [3][-]{section*.356}{\376\377\000P\000r\000o\000b\000l\000e\000m\000\040\0002\0000\0001\0007\000-\000A\000-\000I\000-\0002}{subsection.4.4}% 367
\BOOKMARK [3][-]{section*.357}{\376\377\000P\000r\000o\000b\000l\000e\000m\000\040\0002\0000\0001\0007\000-\000A\000-\000I\000I\000-\0001}{subsection.4.4}% 368
\BOOKMARK [3][-]{section*.358}{\376\377\000P\000r\000o\000b\000l\000e\000m\000\040\0002\0000\0001\0006\000-\000J\000-\000I\000I\000-\0003}{subsection.4.4}% 369
\BOOKMARK [3][-]{section*.359}{\376\377\000P\000r\000o\000b\000l\000e\000m\000\040\0002\0000\0001\0004\000-\000A\000-\000I\000I\000-\0005}{subsection.4.4}% 370
\BOOKMARK [3][-]{section*.360}{\376\377\000P\000r\000o\000b\000l\000e\000m\000\040\0001\0009\0009\0008\000-\000J\000-\000I\000I\000-\0001}{subsection.4.4}% 371
\BOOKMARK [2][-]{subsection.4.5}{\376\377\000T\000h\000e\000\040\000H\000a\000h\000n\000-\000B\000a\000n\000a\000c\000h\000\040\000a\000n\000d\000\040\000B\000a\000i\000r\000e\000\040\000C\000a\000t\000e\000g\000o\000r\000y\000\040\000T\000h\000e\000o\000r\000e\000m\000s}{section.4}% 372
\BOOKMARK [3][-]{section*.361}{\376\377\000P\000r\000o\000b\000l\000e\000m\000\040\0002\0000\0002\0005\000-\000J\000-\000I\000I\000-\0005}{subsection.4.5}% 373
\BOOKMARK [3][-]{section*.362}{\376\377\000P\000r\000o\000b\000l\000e\000m\000\040\0002\0000\0002\0004\000-\000A\000-\000I\000I\000-\0003}{subsection.4.5}% 374
\BOOKMARK [3][-]{section*.363}{\376\377\000P\000r\000o\000b\000l\000e\000m\000\040\0002\0000\0002\0004\000-\000J\000-\000I\000I\000-\0005}{subsection.4.5}% 375
\BOOKMARK [3][-]{section*.364}{\376\377\000P\000r\000o\000b\000l\000e\000m\000\040\000F\000a\000t\000\040\000C\000a\000n\000t\000o\000r\000\040\000S\000e\000t}{subsection.4.5}% 376
\BOOKMARK [3][-]{section*.365}{\376\377\000P\000r\000o\000b\000l\000e\000m\000\040\0002\0000\0002\0002\000-\000J\000-\000I\000I\000-\0003}{subsection.4.5}% 377
\BOOKMARK [3][-]{section*.366}{\376\377\000P\000r\000o\000b\000l\000e\000m\000\040\0002\0000\0001\0006\000-\000J\000-\000I\000I\000-\0006}{subsection.4.5}% 378
\BOOKMARK [3][-]{section*.367}{\376\377\000P\000r\000o\000b\000l\000e\000m\000\040\0002\0000\0001\0004\000-\000J\000-\000I\000-\0006}{subsection.4.5}% 379
\BOOKMARK [3][-]{section*.368}{\376\377\000P\000r\000o\000b\000l\000e\000m\000\040\0002\0000\0000\0008\000-\000A\000-\000I\000-\0005}{subsection.4.5}% 380
\BOOKMARK [3][-]{section*.369}{\376\377\000P\000r\000o\000b\000l\000e\000m\000\040\0001\0009\0009\0007\000-\000A\000-\000I\000I\000-\0006}{subsection.4.5}% 381
\BOOKMARK [3][-]{section*.370}{\376\377\000P\000r\000o\000b\000l\000e\000m\000\040\000R\000-\000R\000A\000-\0001}{subsection.4.5}% 382
\BOOKMARK [3][-]{section*.371}{\376\377\000P\000r\000o\000b\000l\000e\000m\000\040\000F\000-\0005\000-\0001\0009}{subsection.4.5}% 383
\BOOKMARK [3][-]{section*.372}{\376\377\000P\000r\000o\000b\000l\000e\000m\000\040\000F\000-\0005\000-\0002\0002}{subsection.4.5}% 384
\BOOKMARK [3][-]{section*.373}{\376\377\000P\000r\000o\000b\000l\000e\000m\000\040\000F\000-\0005\000-\0003\0002}{subsection.4.5}% 385
\BOOKMARK [3][-]{section*.374}{\376\377\000P\000r\000o\000b\000l\000e\000m\000\040\000F\000-\0005\000-\0003\0007}{subsection.4.5}% 386
\BOOKMARK [3][-]{section*.375}{\376\377\000P\000r\000o\000b\000l\000e\000m\000\040\000F\000-\0005\000-\0003\0008}{subsection.4.5}% 387
\BOOKMARK [3][-]{section*.376}{\376\377\000P\000r\000o\000b\000l\000e\000m\000\040\000F\000-\0005\000-\0003\0009}{subsection.4.5}% 388
\BOOKMARK [2][-]{subsection.4.6}{\376\377\000P\000a\000r\000t\000i\000a\000l\000\040\000D\000i\000f\000f\000e\000r\000e\000n\000t\000i\000a\000l\000\040\000E\000q\000u\000a\000t\000i\000o\000n\000s}{section.4}% 389
\BOOKMARK [3][-]{section*.377}{\376\377\000P\000r\000o\000b\000l\000e\000m\000\040\0002\0000\0000\0004\000-\000J\000-\000I\000I\000-\0006}{subsection.4.6}% 390
\BOOKMARK [3][-]{section*.378}{\376\377\000P\000r\000o\000b\000l\000e\000m\000\040\000E\000-\0001\000-\0001}{subsection.4.6}% 391
\BOOKMARK [3][-]{section*.379}{\376\377\000P\000r\000o\000b\000l\000e\000m\000\040\000E\000-\0001\000-\0002}{subsection.4.6}% 392
\BOOKMARK [3][-]{section*.380}{\376\377\000P\000r\000o\000b\000l\000e\000m\000\040\000E\000-\0001\000-\0003}{subsection.4.6}% 393
\BOOKMARK [3][-]{section*.381}{\376\377\000P\000r\000o\000b\000l\000e\000m\000\040\000E\000-\0001\000-\0004}{subsection.4.6}% 394
\BOOKMARK [3][-]{section*.382}{\376\377\000P\000r\000o\000b\000l\000e\000m\000\040\000E\000-\0001\000-\0005}{subsection.4.6}% 395
\BOOKMARK [2][-]{subsection.4.7}{\376\377\000D\000i\000s\000t\000r\000i\000b\000u\000t\000i\000o\000n\000\040\000T\000h\000e\000o\000r\000y}{section.4}% 396
\BOOKMARK [3][-]{section*.383}{\376\377\000P\000r\000o\000b\000l\000e\000m\000\040\000F\000-\0009\000-\0001\000-\0001}{subsection.4.7}% 397
\BOOKMARK [3][-]{section*.384}{\376\377\000P\000r\000o\000b\000l\000e\000m\000\040\000F\000-\0009\000-\0001\000-\0002}{subsection.4.7}% 398
\BOOKMARK [3][-]{section*.385}{\376\377\000P\000r\000o\000b\000l\000e\000m\000\040\000F\000-\0009\000-\0001\000-\0003}{subsection.4.7}% 399
\BOOKMARK [3][-]{section*.386}{\376\377\000P\000r\000o\000b\000l\000e\000m\000\040\000F\000-\0009\000-\0001\000-\0005}{subsection.4.7}% 400
\BOOKMARK [3][-]{section*.387}{\376\377\000P\000r\000o\000b\000l\000e\000m\000\040\000F\000-\0009\000-\0001\000-\0006}{subsection.4.7}% 401
\BOOKMARK [2][-]{subsection.4.8}{\376\377\000C\000o\000m\000p\000a\000c\000t\000n\000e\000s\000s}{section.4}% 402
\BOOKMARK [3][-]{section*.388}{\376\377\000P\000r\000o\000b\000l\000e\000m\000\040\0002\0000\0001\0003\000-\000A\000-\000I\000-\0005}{subsection.4.8}% 403
\BOOKMARK [2][-]{subsection.4.9}{\376\377\000R\000a\000n\000d\000o\000m}{section.4}% 404
\BOOKMARK [3][-]{section*.389}{\376\377\000P\000r\000o\000b\000l\000e\000m\000\040\0002\0000\0002\0004\000-\000A\000-\000I\000-\0004}{subsection.4.9}% 405
\BOOKMARK [3][-]{section*.390}{\376\377\000P\000r\000o\000b\000l\000e\000m\000\040\0002\0000\0002\0003\000-\000A\000-\000I\000I\000-\0004}{subsection.4.9}% 406
\BOOKMARK [3][-]{section*.391}{\376\377\000P\000r\000o\000b\000l\000e\000m\000\040\0002\0000\0002\0003\000-\000J\000-\000I\000I\000-\0001}{subsection.4.9}% 407
\BOOKMARK [3][-]{section*.392}{\376\377\000P\000r\000o\000b\000l\000e\000m\000\040\0002\0000\0002\0003\000-\000J\000-\000I\000I\000-\0002}{subsection.4.9}% 408
\BOOKMARK [3][-]{section*.393}{\376\377\000P\000r\000o\000b\000l\000e\000m\000\040\0002\0000\0002\0002\000-\000A\000-\000I\000I\000-\0005}{subsection.4.9}% 409
\BOOKMARK [3][-]{section*.394}{\376\377\000P\000r\000o\000b\000l\000e\000m\000\040\0002\0000\0002\0001\000-\000A\000-\000I\000I\000-\0002}{subsection.4.9}% 410
\BOOKMARK [3][-]{section*.395}{\376\377\000P\000r\000o\000b\000l\000e\000m\000\040\0002\0000\0002\0000\000-\000A\000-\000I\000I\000-\0006}{subsection.4.9}% 411
\BOOKMARK [3][-]{section*.396}{\376\377\000P\000r\000o\000b\000l\000e\000m\000\040\0002\0000\0002\0001\000-\000J\000-\000I\000-\0003}{subsection.4.9}% 412
\BOOKMARK [3][-]{section*.397}{\376\377\000P\000r\000o\000b\000l\000e\000m\000\040\0002\0000\0000\0005\000-\000J\000-\000I\000-\0001}{subsection.4.9}% 413
\BOOKMARK [3][-]{section*.398}{\376\377\000P\000r\000o\000b\000l\000e\000m\000\040\0002\0000\0002\0000\000-\000A\000-\000I\000-\0003}{subsection.4.9}% 414
\BOOKMARK [3][-]{section*.399}{\376\377\000P\000r\000o\000b\000l\000e\000m\000\040\0002\0000\0001\0009\000-\000A\000-\000I\000-\0002}{subsection.4.9}% 415
\BOOKMARK [3][-]{section*.400}{\376\377\000P\000r\000o\000b\000l\000e\000m\000\040\0002\0000\0001\0003\000-\000J\000-\000I\000-\0004}{subsection.4.9}% 416
\BOOKMARK [3][-]{section*.401}{\376\377\000P\000r\000o\000b\000l\000e\000m\000\040\0001\0009\0009\0007\000-\000J\000-\000I\000I\000-\0006}{subsection.4.9}% 417
\BOOKMARK [3][-]{section*.402}{\376\377\000P\000r\000o\000b\000l\000e\000m\000\040\000F\000-\0008\000-\0005}{subsection.4.9}% 418
\BOOKMARK [1][-]{section.5}{\376\377\000C\000o\000m\000p\000l\000e\000x\000\040\000A\000n\000a\000l\000y\000s\000i\000s}{}% 419
\BOOKMARK [2][-]{subsection.5.1}{\376\377\000H\000o\000l\000o\000m\000o\000r\000p\000h\000i\000c\000\040\000F\000u\000n\000c\000t\000i\000o\000n\000s\000\040\000a\000n\000d\000\040\000C\000o\000n\000v\000e\000r\000g\000e\000n\000c\000e}{section.5}% 420
\BOOKMARK [3][-]{section*.403}{\376\377\000P\000r\000o\000b\000l\000e\000m\000\040\0002\0000\0002\0006\000-\000J\000-\000I\000-\0003}{subsection.5.1}% 421
\BOOKMARK [3][-]{section*.404}{\376\377\000P\000r\000o\000b\000l\000e\000m\000\040\0002\0000\0002\0006\000-\000J\000-\000I\000I\000-\0004}{subsection.5.1}% 422
\BOOKMARK [3][-]{section*.405}{\376\377\000P\000r\000o\000b\000l\000e\000m\000\040\0002\0000\0002\0005\000-\000A\000-\000I\000-\0003}{subsection.5.1}% 423
\BOOKMARK [3][-]{section*.406}{\376\377\000P\000r\000o\000b\000l\000e\000m\000\040\0002\0000\0002\0005\000-\000J\000-\000I\000-\0004}{subsection.5.1}% 424
\BOOKMARK [3][-]{section*.407}{\376\377\000P\000r\000o\000b\000l\000e\000m\000\040\0002\0000\0002\0002\000-\000J\000-\000I\000-\0001}{subsection.5.1}% 425
\BOOKMARK [3][-]{section*.408}{\376\377\000P\000r\000o\000b\000l\000e\000m\000\040\0002\0000\0002\0002\000-\000J\000-\000I\000I\000-\0004}{subsection.5.1}% 426
\BOOKMARK [3][-]{section*.409}{\376\377\000P\000r\000o\000b\000l\000e\000m\000\040\0002\0000\0002\0001\000-\000A\000-\000I\000-\0002}{subsection.5.1}% 427
\BOOKMARK [3][-]{section*.410}{\376\377\000P\000r\000o\000b\000l\000e\000m\000\040\0002\0000\0002\0000\000-\000A\000-\000I\000I\000-\0001}{subsection.5.1}% 428
\BOOKMARK [3][-]{section*.411}{\376\377\000P\000r\000o\000b\000l\000e\000m\000\040\0002\0000\0001\0008\000-\000A\000-\000I\000-\0003}{subsection.5.1}% 429
\BOOKMARK [3][-]{section*.412}{\376\377\000P\000r\000o\000b\000l\000e\000m\000\040\0002\0000\0001\0008\000-\000J\000-\000I\000I\000-\0004}{subsection.5.1}% 430
\BOOKMARK [3][-]{section*.413}{\376\377\000P\000r\000o\000b\000l\000e\000m\000\040\0002\0000\0001\0005\000-\000A\000-\000I\000-\0003}{subsection.5.1}% 431
\BOOKMARK [3][-]{section*.414}{\376\377\000P\000r\000o\000b\000l\000e\000m\000\040\0002\0000\0001\0005\000-\000J\000-\000I\000-\0001}{subsection.5.1}% 432
\BOOKMARK [3][-]{section*.415}{\376\377\000P\000r\000o\000b\000l\000e\000m\000\040\0002\0000\0001\0004\000-\000A\000-\000I\000-\0005}{subsection.5.1}% 433
\BOOKMARK [3][-]{section*.416}{\376\377\000P\000r\000o\000b\000l\000e\000m\000\040\0002\0000\0001\0002\000-\000A\000-\000I\000-\0004}{subsection.5.1}% 434
\BOOKMARK [3][-]{section*.417}{\376\377\000P\000r\000o\000b\000l\000e\000m\000\040\0002\0000\0001\0002\000-\000J\000-\000I\000I\000-\0002}{subsection.5.1}% 435
\BOOKMARK [3][-]{section*.418}{\376\377\000P\000r\000o\000b\000l\000e\000m\000\040\0002\0000\0000\0008\000-\000A\000-\000I\000-\0001}{subsection.5.1}% 436
\BOOKMARK [3][-]{section*.419}{\376\377\000P\000r\000o\000b\000l\000e\000m\000\040\0002\0000\0000\0001\000-\000J\000-\000I\000I\000-\0005}{subsection.5.1}% 437
\BOOKMARK [2][-]{subsection.5.2}{\376\377\000H\000a\000r\000m\000o\000n\000i\000c\000\040\000F\000u\000n\000c\000t\000i\000o\000n\000s}{section.5}% 438
\BOOKMARK [3][-]{section*.420}{\376\377\000P\000r\000o\000b\000l\000e\000m\000\040\0002\0000\0001\0007\000-\000A\000-\000I\000-\0006}{subsection.5.2}% 439
\BOOKMARK [3][-]{section*.421}{\376\377\000P\000r\000o\000b\000l\000e\000m\000\040\0002\0000\0001\0005\000-\000A\000-\000I\000-\0005}{subsection.5.2}% 440
\BOOKMARK [2][-]{subsection.5.3}{\376\377\000T\000h\000e\000\040\000S\000c\000h\000w\000a\000r\000z\000\040\000a\000n\000d\000\040\000S\000c\000h\000w\000a\000r\000z\000-\000P\000i\000c\000k\000\040\000L\000e\000m\000m\000a\000s}{section.5}% 441
\BOOKMARK [3][-]{section*.422}{\376\377\000P\000r\000o\000b\000l\000e\000m\000\040\0002\0000\0002\0003\000-\000A\000-\000I\000-\0006}{subsection.5.3}% 442
\BOOKMARK [3][-]{section*.423}{\376\377\000P\000r\000o\000b\000l\000e\000m\000\040\0002\0000\0001\0009\000-\000J\000-\000I\000I\000-\0003}{subsection.5.3}% 443
\BOOKMARK [3][-]{section*.424}{\376\377\000P\000r\000o\000b\000l\000e\000m\000\040\0002\0000\0001\0007\000-\000J\000-\000I\000I\000-\0005}{subsection.5.3}% 444
\BOOKMARK [3][-]{section*.425}{\376\377\000P\000r\000o\000b\000l\000e\000m\000\040\0002\0000\0001\0000\000-\000A\000-\000I\000I\000-\0003}{subsection.5.3}% 445
\BOOKMARK [3][-]{section*.426}{\376\377\000P\000r\000o\000b\000l\000e\000m\000\040\0002\0000\0000\0007\000-\000A\000-\000I\000I\000-\0001}{subsection.5.3}% 446
\BOOKMARK [2][-]{subsection.5.4}{\376\377\000M\000a\000x\000i\000m\000u\000m\000\040\000P\000r\000i\000n\000c\000i\000p\000l\000e\000s\000\040\000a\000n\000d\000\040\000O\000p\000e\000n\000\040\000M\000a\000p\000p\000i\000n\000g\000\040\000T\000h\000e\000o\000r\000e\000m}{section.5}% 447
\BOOKMARK [3][-]{section*.427}{\376\377\000P\000r\000o\000b\000l\000e\000m\000\040\0002\0000\0001\0009\000-\000A\000-\000I\000I\000-\0001}{subsection.5.4}% 448
\BOOKMARK [3][-]{section*.428}{\376\377\000P\000r\000o\000b\000l\000e\000m\000\040\0002\0000\0001\0003\000-\000A\000-\000I\000-\0003}{subsection.5.4}% 449
\BOOKMARK [3][-]{section*.429}{\376\377\000P\000r\000o\000b\000l\000e\000m\000\040\0002\0000\0000\0007\000-\000J\000-\000I\000I\000-\0001}{subsection.5.4}% 450
\BOOKMARK [2][-]{subsection.5.5}{\376\377\000C\000o\000n\000t\000o\000u\000r\000\040\000I\000n\000t\000e\000g\000r\000a\000t\000i\000o\000n}{section.5}% 451
\BOOKMARK [3][-]{section*.430}{\376\377\000P\000r\000o\000b\000l\000e\000m\000\040\0002\0000\0001\0009\000-\000J\000-\000I\000-\0002}{subsection.5.5}% 452
\BOOKMARK [3][-]{section*.432}{\376\377\000P\000r\000o\000b\000l\000e\000m\000\040\0002\0000\0001\0008\000-\000J\000-\000I\000-\0002}{subsection.5.5}% 453
\BOOKMARK [3][-]{section*.433}{\376\377\000P\000r\000o\000b\000l\000e\000m\000\040\0002\0000\0001\0007\000-\000A\000-\000I\000-\0004}{subsection.5.5}% 454
\BOOKMARK [3][-]{section*.435}{\376\377\000P\000r\000o\000b\000l\000e\000m\000\040\0002\0000\0001\0004\000-\000J\000-\000I\000-\0004}{subsection.5.5}% 455
\BOOKMARK [3][-]{section*.437}{\376\377\000P\000r\000o\000b\000l\000e\000m\000\040\0002\0000\0000\0008\000-\000J\000-\000I\000I\000-\0003}{subsection.5.5}% 456
\BOOKMARK [3][-]{section*.439}{\376\377\000P\000r\000o\000b\000l\000e\000m\000\040\0002\0000\0000\0001\000-\000J\000-\000I\000I\000-\0006}{subsection.5.5}% 457
\BOOKMARK [1][-]{section.6}{\376\377\000N\000o\000t\000e\000s}{}% 458
\BOOKMARK [2][-]{subsection.6.1}{\376\377\000D\000i\000f\000f\000e\000r\000e\000n\000t\000i\000a\000l\000\040\000G\000e\000o\000m\000e\000t\000r\000y\000\040\000a\000n\000d\000\040\000T\000o\000p\000o\000l\000o\000g\000y}{section.6}% 459
\BOOKMARK [3][-]{subsubsection.6.1.1}{\376\377\000D\000e\000\040\000R\000h\000a\000m\000\040\000C\000o\000h\000o\000m\000o\000l\000o\000g\000y}{subsection.6.1}% 460
\BOOKMARK [3][-]{section*.441}{\376\377\000P\000r\000o\000b\000l\000e\000m\000\040\000L\000S\000M\000-\0001\0007\000-\0005}{subsection.6.1}% 461
\BOOKMARK [3][-]{section*.442}{\376\377\000P\000r\000o\000b\000l\000e\000m\000\040\000L\000S\000M\000-\0001\0007\000-\0006}{subsection.6.1}% 462
\BOOKMARK [3][-]{section*.443}{\376\377\000P\000r\000o\000b\000l\000e\000m\000\040\000L\000S\000M\000-\0001\0007\000-\0007}{subsection.6.1}% 463
\BOOKMARK [2][-]{subsection.6.2}{\376\377\000P\000a\000r\000t\000i\000a\000l\000\040\000D\000i\000f\000f\000e\000r\000e\000n\000t\000i\000a\000l\000\040\000E\000q\000u\000a\000t\000i\000o\000n\000s}{section.6}% 464
\BOOKMARK [3][-]{subsubsection.6.2.1}{\376\377\000I\000n\000t\000r\000o\000d\000u\000c\000t\000i\000o\000n}{subsection.6.2}% 465
\BOOKMARK [3][-]{subsubsection.6.2.2}{\376\377\000F\000o\000u\000r\000\040\000I\000m\000p\000o\000r\000t\000a\000n\000t\000\040\000L\000i\000n\000e\000a\000r\000\040\000P\000a\000r\000t\000i\000a\000l\000\040\000D\000i\000f\000f\000e\000r\000e\000n\000t\000i\000a\000l\000\040\000E\000q\000u\000a\000t\000i\000o\000n\000s}{subsection.6.2}% 466
\BOOKMARK [3][-]{subsubsection.6.2.3}{\376\377\000S\000o\000b\000o\000l\000e\000v\000\040\000S\000p\000a\000c\000e\000s}{subsection.6.2}% 467
\BOOKMARK [2][-]{subsection.6.3}{\376\377\000S\000e\000m\000i\000d\000i\000r\000e\000c\000t\000\040\000P\000r\000o\000d\000u\000c\000t\000s}{section.6}% 468
\BOOKMARK [2][-]{subsection.6.4}{\376\377\000S\000e\000i\000f\000e\000r\000t\000-\000v\000a\000n\000\040\000K\000a\000m\000p\000e\000n\000\040\000T\000h\000e\000o\000r\000e\000m\000\040\000a\000n\000d\000\040\000F\000u\000n\000d\000a\000m\000e\000n\000t\000a\000l\000\040\000G\000r\000o\000u\000p\000s}{section.6}% 469
\BOOKMARK [2][-]{subsection.6.5}{\376\377\000R\000a\000n\000d\000o\000m\000\040\000Q\000u\000i\000c\000k\000\040\000F\000a\000c\000t\000s\000\040\000T\000o\000\040\000R\000e\000c\000a\000l\000l}{section.6}% 470
\BOOKMARK [3][-]{subsubsection.6.5.1}{\376\377\000A\000l\000g\000e\000b\000r\000a}{subsection.6.5}% 471
\BOOKMARK [4][-]{section*.446}{\376\377\000L\000i\000n\000e\000a\000r\000\040\000A\000l\000g\000e\000b\000r\000a\000\040\000a\000n\000d\000\040\000M\000o\000d\000u\000l\000e\000\040\000T\000h\000e\000o\000r\000y}{subsubsection.6.5.1}% 472
\BOOKMARK [4][-]{section*.447}{\376\377\000R\000i\000n\000g\000\040\000T\000h\000e\000o\000r\000y}{subsubsection.6.5.1}% 473
\BOOKMARK [4][-]{section*.448}{\376\377\000G\000a\000l\000o\000i\000s\000\040\000T\000h\000e\000o\000r\000y}{subsubsection.6.5.1}% 474
\BOOKMARK [4][-]{section*.449}{\376\377\000P\000u\000r\000e\000\040\000G\000r\000o\000u\000p\000\040\000T\000h\000e\000o\000r\000y}{subsubsection.6.5.1}% 475
\BOOKMARK [4][-]{section*.450}{\376\377\000R\000e\000p\000r\000e\000s\000e\000n\000t\000a\000t\000i\000o\000n\000\040\000T\000h\000e\000o\000r\000y}{subsubsection.6.5.1}% 476
\BOOKMARK [3][-]{subsubsection.6.5.2}{\376\377\000G\000e\000o\000m\000e\000t\000r\000y\000\040\000a\000n\000d\000\040\000T\000o\000p\000o\000l\000o\000g\000y}{subsection.6.5}% 477
\BOOKMARK [4][-]{section*.451}{\376\377\000D\000e\000\040\000R\000h\000a\000m\000\040\000C\000o\000h\000o\000m\000o\000l\000o\000g\000y}{subsubsection.6.5.2}% 478
\BOOKMARK [4][-]{section*.452}{\376\377\000F\000u\000n\000d\000a\000m\000e\000n\000t\000a\000l\000\040\000G\000r\000o\000u\000p\000s}{subsubsection.6.5.2}% 479
\BOOKMARK [4][-]{section*.453}{\376\377\000F\000r\000o\000b\000e\000n\000i\000u\000s\000\040\000T\000h\000e\000o\000r\000e\000m\000\040\000a\000n\000d\000\040\000D\000i\000s\000t\000r\000i\000b\000u\000t\000i\000o\000n\000s}{subsubsection.6.5.2}% 480
\BOOKMARK [3][-]{subsubsection.6.5.3}{\376\377\000R\000e\000a\000l\000\040\000A\000n\000a\000l\000y\000s\000i\000s}{subsection.6.5}% 481
\BOOKMARK [4][-]{section*.454}{\376\377\000L\000e\000b\000e\000s\000g\000u\000e\000\040\000M\000e\000a\000s\000u\000r\000e\000\040\000T\000h\000e\000o\000r\000y}{subsubsection.6.5.3}% 482
\BOOKMARK [4][-]{section*.455}{\376\377\000G\000e\000n\000e\000r\000i\000c\000\040\000C\000o\000n\000v\000e\000r\000g\000e\000n\000c\000e\000\040\000R\000e\000s\000u\000l\000t\000s}{subsubsection.6.5.3}% 483
\BOOKMARK [4][-]{section*.456}{\376\377\000D\000u\000a\000l\000\040\000S\000p\000a\000c\000e\000s}{subsubsection.6.5.3}% 484
\BOOKMARK [4][-]{section*.457}{\376\377\000H\000a\000h\000n\000-\000B\000a\000n\000a\000c\000h\000\040\000T\000h\000e\000o\000r\000e\000m\000,\000\040\000B\000a\000i\000r\000e\000\040\000C\000a\000t\000e\000g\000o\000r\000y\000\040\000T\000h\000e\000o\000r\000e\000m\000,\000\040\000a\000n\000d\000\040\000C\000o\000n\000s\000e\000q\000u\000e\000n\000c\000e\000s}{subsubsection.6.5.3}% 485
\BOOKMARK [4][-]{section*.458}{\376\377\000F\000o\000u\000r\000i\000e\000r\000\040\000A\000n\000a\000l\000y\000s\000i\000s\000\040\000a\000n\000d\000\040\000S\000o\000b\000o\000l\000e\000v\000\040\000T\000h\000e\000o\000r\000y}{subsubsection.6.5.3}% 486
\BOOKMARK [3][-]{subsubsection.6.5.4}{\376\377\000C\000o\000m\000p\000l\000e\000x\000\040\000A\000n\000a\000l\000y\000s\000i\000s}{subsection.6.5}% 487
